Component: ARM Compiler 5.06 update 6 (build 750) Tool: armlink [4d35ed]

==============================================================================

Section Cross References

    startup_stm32f10x_hd.o(RESET) refers to startup_stm32f10x_hd.o(STACK) for __initial_sp
    startup_stm32f10x_hd.o(RESET) refers to startup_stm32f10x_hd.o(.text) for Reset_Handler
    startup_stm32f10x_hd.o(RESET) refers to stm32f10x_it.o(i.NMI_Handler) for NMI_Handler
    startup_stm32f10x_hd.o(RESET) refers to stm32f10x_it.o(i.HardFault_Handler) for HardFault_Handler
    startup_stm32f10x_hd.o(RESET) refers to stm32f10x_it.o(i.MemManage_Handler) for MemManage_Handler
    startup_stm32f10x_hd.o(RESET) refers to stm32f10x_it.o(i.BusFault_Handler) for BusFault_Handler
    startup_stm32f10x_hd.o(RESET) refers to stm32f10x_it.o(i.UsageFault_Handler) for UsageFault_Handler
    startup_stm32f10x_hd.o(RESET) refers to stm32f10x_it.o(i.SVC_Handler) for SVC_Handler
    startup_stm32f10x_hd.o(RESET) refers to stm32f10x_it.o(i.DebugMon_Handler) for DebugMon_Handler
    startup_stm32f10x_hd.o(RESET) refers to stm32f10x_it.o(i.PendSV_Handler) for PendSV_Handler
    startup_stm32f10x_hd.o(RESET) refers to delay.o(i.SysTick_Handler) for SysTick_Handler
    startup_stm32f10x_hd.o(RESET) refers to main.o(i.TIM2_IRQHandler) for TIM2_IRQHandler
    startup_stm32f10x_hd.o(RESET) refers to usart.o(i.USART1_IRQHandler) for USART1_IRQHandler
    startup_stm32f10x_hd.o(RESET) refers to usart.o(i.USART2_IRQHandler) for USART2_IRQHandler
    startup_stm32f10x_hd.o(.text) refers to system_stm32f10x.o(i.SystemInit) for SystemInit
    startup_stm32f10x_hd.o(.text) refers to entry.o(.ARM.Collect$$$$00000000) for __main
    led.o(i.LED_init) refers to sys.o(i.GPIO_SETUP) for GPIO_SETUP
    exti.o(i.EXTIx_init) refers to sys.o(i.GPIO_SETUP) for GPIO_SETUP
    exti.o(i.EXTIx_init) refers to stm32f10x_rcc.o(i.RCC_APB2PeriphClockCmd) for RCC_APB2PeriphClockCmd
    exti.o(i.EXTIx_init) refers to stm32f10x_gpio.o(i.GPIO_EXTILineConfig) for GPIO_EXTILineConfig
    exti.o(i.EXTIx_init) refers to stm32f10x_exti.o(i.EXTI_Init) for EXTI_Init
    exti.o(i.EXTIx_init) refers to misc.o(i.NVIC_Init) for NVIC_Init
    adc.o(i.ADC_av) refers to adc.o(i.ADC_read) for ADC_read
    adc.o(i.ADC_read) refers to stm32f10x_adc.o(i.ADC_RegularChannelConfig) for ADC_RegularChannelConfig
    adc.o(i.ADC_read) refers to stm32f10x_adc.o(i.ADC_SoftwareStartConvCmd) for ADC_SoftwareStartConvCmd
    adc.o(i.ADC_read) refers to stm32f10x_adc.o(i.ADC_GetFlagStatus) for ADC_GetFlagStatus
    adc.o(i.ADC_read) refers to stm32f10x_adc.o(i.ADC_GetConversionValue) for ADC_GetConversionValue
    adc.o(i.ADCx_init) refers to stm32f10x_rcc.o(i.RCC_APB2PeriphClockCmd) for RCC_APB2PeriphClockCmd
    adc.o(i.ADCx_init) refers to sys.o(i.GPIO_SETUP) for GPIO_SETUP
    adc.o(i.ADCx_init) refers to stm32f10x_adc.o(i.ADC_Init) for ADC_Init
    adc.o(i.ADCx_init) refers to stm32f10x_adc.o(i.ADC_RegularChannelConfig) for ADC_RegularChannelConfig
    adc.o(i.ADCx_init) refers to stm32f10x_adc.o(i.ADC_Cmd) for ADC_Cmd
    adc.o(i.ADCx_init) refers to stm32f10x_adc.o(i.ADC_ResetCalibration) for ADC_ResetCalibration
    adc.o(i.ADCx_init) refers to stm32f10x_adc.o(i.ADC_GetResetCalibrationStatus) for ADC_GetResetCalibrationStatus
    adc.o(i.ADCx_init) refers to stm32f10x_adc.o(i.ADC_StartCalibration) for ADC_StartCalibration
    adc.o(i.ADCx_init) refers to stm32f10x_adc.o(i.ADC_GetCalibrationStatus) for ADC_GetCalibrationStatus
    adc.o(i.ADCx_init) refers to stm32f10x_adc.o(i.ADC_SoftwareStartConvCmd) for ADC_SoftwareStartConvCmd
    usart.o(i.AT_cmd) refers to memseta.o(.text) for __aeabi_memclr4
    usart.o(i.AT_cmd) refers to usart.o(i.send_str) for send_str
    usart.o(i.AT_cmd) refers to usart.o(i.Get_c) for Get_c
    usart.o(i.AT_cmd) refers to strstr.o(.text) for strstr
    usart.o(i.AT_cmd) refers to delay.o(i.delay_ms) for delay_ms
    usart.o(i.Get_c) refers to usart.o(.data) for USART1_ST
    usart.o(i.Get_s) refers to usart.o(i.Get_c) for Get_c
    usart.o(i.USART1_IRQHandler) refers to stm32f10x_usart.o(i.USART_GetITStatus) for USART_GetITStatus
    usart.o(i.USART1_IRQHandler) refers to usart.o(i.USARTtobuffer) for USARTtobuffer
    usart.o(i.USART1_IRQHandler) refers to usart.o(.data) for USART1_ST
    usart.o(i.USART2_IRQHandler) refers to stm32f10x_usart.o(i.USART_GetITStatus) for USART_GetITStatus
    usart.o(i.USART2_IRQHandler) refers to usart.o(i.USARTtobuffer) for USARTtobuffer
    usart.o(i.USART2_IRQHandler) refers to usart.o(.data) for USART2_ST
    usart.o(i.USARTx_init) refers to stm32f10x_rcc.o(i.RCC_APB2PeriphClockCmd) for RCC_APB2PeriphClockCmd
    usart.o(i.USARTx_init) refers to sys.o(i.GPIO_SETUP) for GPIO_SETUP
    usart.o(i.USARTx_init) refers to stm32f10x_usart.o(i.USART_Init) for USART_Init
    usart.o(i.USARTx_init) refers to misc.o(i.NVIC_Init) for NVIC_Init
    usart.o(i.USARTx_init) refers to stm32f10x_usart.o(i.USART_ITConfig) for USART_ITConfig
[...]
    main.o(i.main) refers to inputcapture.o(i.HCSR04_GetDistance) for HCSR04_GetDistance
    main.o(i.main) refers to ffltui.o(.text) for __aeabi_ui2f
    main.o(i.main) refers to usart.o(i.send_numfloat) for send_numfloat
    main.o(i.main) refers to usart.o(i.send_str) for send_str
    main.o(i.main) refers to delay.o(i.delay_ms) for delay_ms
    system_stm32f10x.o(i.SetSysClock) refers to system_stm32f10x.o(i.SetSysClockTo72) for SetSysClockTo72
    system_stm32f10x.o(i.SystemCoreClockUpdate) refers to system_stm32f10x.o(.data) for SystemCoreClock
    system_stm32f10x.o(i.SystemInit) refers to system_stm32f10x.o(i.SetSysClock) for SetSysClock
    entry.o(.ARM.Collect$$$$00000000) refers (Special) to entry10a.o(.ARM.Collect$$$$0000000D) for __rt_final_cpp
    entry.o(.ARM.Collect$$$$00000000) refers (Special) to entry11a.o(.ARM.Collect$$$$0000000F) for __rt_final_exit
    entry.o(.ARM.Collect$$$$00000000) refers (Special) to entry7b.o(.ARM.Collect$$$$00000008) for _main_clock
    entry.o(.ARM.Collect$$$$00000000) refers (Special) to entry8b.o(.ARM.Collect$$$$0000000A) for _main_cpp_init
    entry.o(.ARM.Collect$$$$00000000) refers (Special) to entry9a.o(.ARM.Collect$$$$0000000B) for _main_init
    entry.o(.ARM.Collect$$$$00000000) refers (Special) to entry5.o(.ARM.Collect$$$$00000004) for _main_scatterload
    entry.o(.ARM.Collect$$$$00000000) refers (Special) to entry2.o(.ARM.Collect$$$$00000001) for _main_stk
    printfb.o(i.__0fprintf$bare) refers to printfb.o(i._printf_core) for _printf_core
    printfb.o(i.__0fprintf$bare) refers to fputc.o(i.fputc) for fputc
    printfb.o(i.__0printf$bare) refers to printfb.o(i._printf_core) for _printf_core
    printfb.o(i.__0printf$bare) refers to fputc.o(i.fputc) for fputc
    printfb.o(i.__0printf$bare) refers to stdout.o(.data) for __stdout
    printfb.o(i.__0snprintf$bare) refers to printfb.o(i._printf_core) for _printf_core
    printfb.o(i.__0snprintf$bare) refers to printfb.o(i._snputc) for _snputc
    printfb.o(i.__0sprintf$bare) refers to printfb.o(i._printf_core) for _printf_core
    printfb.o(i.__0sprintf$bare) refers to printfb.o(i._sputc) for _sputc
    printfb.o(i.__0vfprintf$bare) refers to printfb.o(i._printf_core) for _printf_core
    printfb.o(i.__0vfprintf$bare) refers to fputc.o(i.fputc) for fputc
    printfb.o(i.__0vprintf$bare) refers to printfb.o(i._printf_core) for _printf_core
    printfb.o(i.__0vprintf$bare) refers to fputc.o(i.fputc) for fputc
    printfb.o(i.__0vprintf$bare) refers to stdout.o(.data) for __stdout
    printfb.o(i.__0vsnprintf$bare) refers to printfb.o(i._printf_core) for _printf_core
    printfb.o(i.__0vsnprintf$bare) refers to printfb.o(i._snputc) for _snputc
    printfb.o(i.__0vsprintf$bare) refers to printfb.o(i._printf_core) for _printf_core
    printfb.o(i.__0vsprintf$bare) refers to printfb.o(i._sputc) for _sputc
    printf0.o(i.__0fprintf$0) refers to printf0.o(i._printf_core) for _printf_core
    printf0.o(i.__0fprintf$0) refers to fputc.o(i.fputc) for fputc
    printf0.o(i.__0printf$0) refers to printf0.o(i._printf_core) for _printf_core
    printf0.o(i.__0printf$0) refers to fputc.o(i.fputc) for fputc
    printf0.o(i.__0printf$0) refers to stdout.o(.data) for __stdout
    printf0.o(i.__0snprintf$0) refers to printf0.o(i._printf_core) for _printf_core
    printf0.o(i.__0snprintf$0) refers to printf0.o(i._snputc) for _snputc
    printf0.o(i.__0sprintf$0) refers to printf0.o(i._printf_core) for _printf_core
    printf0.o(i.__0sprintf$0) refers to printf0.o(i._sputc) for _sputc
    printf0.o(i.__0vfprintf$0) refers to printf0.o(i._printf_core) for _printf_core
    printf0.o(i.__0vfprintf$0) refers to fputc.o(i.fputc) for fputc
    printf0.o(i.__0vprintf$0) refers to printf0.o(i._printf_core) for _printf_core
    printf0.o(i.__0vprintf$0) refers to fputc.o(i.fputc) for fputc
    printf0.o(i.__0vprintf$0) refers to stdout.o(.data) for __stdout
    printf0.o(i.__0vsnprintf$0) refers to printf0.o(i._printf_core) for _printf_core
    printf0.o(i.__0vsnprintf$0) refers to printf0.o(i._snputc) for _snputc
    printf0.o(i.__0vsprintf$0) refers to printf0.o(i._printf_core) for _printf_core
    printf0.o(i.__0vsprintf$0) refers to printf0.o(i._sputc) for _sputc
    printf1.o(i.__0fprintf$1) refers to printf1.o(i._printf_core) for _printf_core
    printf1.o(i.__0fprintf$1) refers to fputc.o(i.fputc) for fputc
    printf1.o(i.__0printf$1) refers to printf1.o(i._printf_core) for _printf_core
    printf1.o(i.__0printf$1) refers to fputc.o(i.fputc) for fputc
    printf1.o(i.__0printf$1) refers to stdout.o(.data) for __stdout
    printf1.o(i.__0snprintf$1) refers to printf1.o(i._printf_core) for _printf_core
    printf1.o(i.__0snprintf$1) refers to printf1.o(i._snputc) for _snputc
    printf1.o(i.__0sprintf$1) refers to printf1.o(i._printf_core) for _printf_core
    printf1.o(i.__0sprintf$1) refers to printf1.o(i._sputc) for _sputc
    printf1.o(i.__0vfprintf$1) refers to printf1.o(i._printf_core) for _printf_core
    printf1.o(i.__0vfprintf$1) refers to fputc.o(i.fputc) for fputc
    printf1.o(i.__0vprintf$1) refers to printf1.o(i._printf_core) for _printf_core
    printf1.o(i.__0vprintf$1) refers to fputc.o(i.fputc) for fputc
    printf1.o(i.__0vprintf$1) refers to stdout.o(.data) for __stdout
    printf1.o(i.__0vsnprintf$1) refers to printf1.o(i._printf_core) for _printf_core
    printf1.o(i.__0vsnprintf$1) refers to printf1.o(i._snputc) for _snputc
    printf1.o(i.__0vsprintf$1) refers to printf1.o(i._printf_core) for _printf_core
    printf1.o(i.__0vsprintf$1) refers to printf1.o(i._sputc) for _sputc
    printf1.o(i._printf_core) refers to uidiv.o(.text) for __aeabi_uidivmod
    printf2.o(i.__0fprintf$2) refers to printf2.o(i._printf_core) for _printf_core
    printf2.o(i.__0fprintf$2) refers to fputc.o(i.fputc) for fputc
    printf2.o(i.__0printf$2) refers to printf2.o(i._printf_core) for _printf_core
    printf2.o(i.__0printf$2) refers to fputc.o(i.fputc) for fputc
    printf2.o(i.__0printf$2) refers to stdout.o(.data) for __stdout
    printf2.o(i.__0snprintf$2) refers to printf2.o(i._printf_core) for _printf_core
    printf2.o(i.__0snprintf$2) refers to printf2.o(i._snputc) for _snputc
    printf2.o(i.__0sprintf$2) refers to printf2.o(i._printf_core) for _printf_core
    printf2.o(i.__0sprintf$2) refers to printf2.o(i._sputc) for _sputc
    printf2.o(i.__0vfprintf$2) refers to printf2.o(i._printf_core) for _printf_core
    printf2.o(i.__0vfprintf$2) refers to fputc.o(i.fputc) for fputc
    printf2.o(i.__0vprintf$2) refers to printf2.o(i._printf_core) for _printf_core
    printf2.o(i.__0vprintf$2) refers to fputc.o(i.fputc) for fputc
    printf2.o(i.__0vprintf$2) refers to stdout.o(.data) for __stdout
    printf2.o(i.__0vsnprintf$2) refers to printf2.o(i._printf_core) for _printf_core
    printf2.o(i.__0vsnprintf$2) refers to printf2.o(i._snputc) for _snputc
    printf2.o(i.__0vsprintf$2) refers to printf2.o(i._printf_core) for _printf_core
    printf2.o(i.__0vsprintf$2) refers to printf2.o(i._sputc) for _sputc
    printf3.o(i.__0fprintf$3) refers to printf3.o(i._printf_core) for _printf_core
    printf3.o(i.__0fprintf$3) refers to fputc.o(i.fputc) for fputc
    printf3.o(i.__0printf$3) refers to printf3.o(i._printf_core) for _printf_core
    printf3.o(i.__0printf$3) refers to fputc.o(i.fputc) for fputc
    printf3.o(i.__0printf$3) refers to stdout.o(.data) for __stdout
    printf3.o(i.__0snprintf$3) refers to printf3.o(i._printf_core) for _printf_core
    printf3.o(i.__0snprintf$3) refers to printf3.o(i._snputc) for _snputc
    printf3.o(i.__0sprintf$3) refers to printf3.o(i._printf_core) for _printf_core
    printf3.o(i.__0sprintf$3) refers to printf3.o(i._sputc) for _sputc
    printf3.o(i.__0vfprintf$3) refers to printf3.o(i._printf_core) for _printf_core
    printf3.o(i.__0vfprintf$3) refers to fputc.o(i.fputc) for fputc
    printf3.o(i.__0vprintf$3) refers to printf3.o(i._printf_core) for _printf_core
    printf3.o(i.__0vprintf$3) refers to fputc.o(i.fputc) for fputc
    printf3.o(i.__0vprintf$3) refers to stdout.o(.data) for __stdout
    printf3.o(i.__0vsnprintf$3) refers to printf3.o(i._printf_core) for _printf_core
    printf3.o(i.__0vsnprintf$3) refers to printf3.o(i._snputc) for _snputc
    printf3.o(i.__0vsprintf$3) refers to printf3.o(i._printf_core) for _printf_core
    printf3.o(i.__0vsprintf$3) refers to printf3.o(i._sputc) for _sputc
    printf3.o(i._printf_core) refers to uidiv.o(.text) for __aeabi_uidivmod
    printf4.o(i.__0fprintf$4) refers to printf4.o(i._printf_core) for _printf_core
    printf4.o(i.__0fprintf$4) refers to fputc.o(i.fputc) for fputc
    printf4.o(i.__0printf$4) refers to printf4.o(i._printf_core) for _printf_core
    printf4.o(i.__0printf$4) refers to fputc.o(i.fputc) for fputc
    printf4.o(i.__0printf$4) refers to stdout.o(.data) for __stdout
    printf4.o(i.__0snprintf$4) refers to printf4.o(i._printf_core) for _printf_core
    printf4.o(i.__0snprintf$4) refers to printf4.o(i._snputc) for _snputc
    printf4.o(i.__0sprintf$4) refers to printf4.o(i._printf_core) for _printf_core
    printf4.o(i.__0sprintf$4) refers to printf4.o(i._sputc) for _sputc
    printf4.o(i.__0vfprintf$4) refers to printf4.o(i._printf_core) for _printf_core
    printf4.o(i.__0vfprintf$4) refers to fputc.o(i.fputc) for fputc
    printf4.o(i.__0vprintf$4) refers to printf4.o(i._printf_core) for _printf_core
    printf4.o(i.__0vprintf$4) refers to fputc.o(i.fputc) for fputc
    printf4.o(i.__0vprintf$4) refers to stdout.o(.data) for __stdout
    printf4.o(i.__0vsnprintf$4) refers to printf4.o(i._printf_core) for _printf_core
    printf4.o(i.__0vsnprintf$4) refers to printf4.o(i._snputc) for _snputc
    printf4.o(i.__0vsprintf$4) refers to printf4.o(i._printf_core) for _printf_core
    printf4.o(i.__0vsprintf$4) refers to printf4.o(i._sputc) for _sputc
    printf4.o(i._printf_core) refers to uldiv.o(.text) for __aeabi_uldivmod
    printf5.o(i.__0fprintf$5) refers to printf5.o(i._printf_core) for _printf_core
    printf5.o(i.__0fprintf$5) refers to fputc.o(i.fputc) for fputc
    printf5.o(i.__0printf$5) refers to printf5.o(i._printf_core) for _printf_core
    printf5.o(i.__0printf$5) refers to fputc.o(i.fputc) for fputc
    printf5.o(i.__0printf$5) refers to stdout.o(.data) for __stdout
    printf5.o(i.__0snprintf$5) refers to printf5.o(i._printf_core) for _printf_core
    printf5.o(i.__0snprintf$5) refers to printf5.o(i._snputc) for _snputc
    printf5.o(i.__0sprintf$5) refers to printf5.o(i._printf_core) for _printf_core
    printf5.o(i.__0sprintf$5) refers to printf5.o(i._sputc) for _sputc
    printf5.o(i.__0vfprintf$5) refers to printf5.o(i._printf_core) for _printf_core
    printf5.o(i.__0vfprintf$5) refers to fputc.o(i.fputc) for fputc
    printf5.o(i.__0vprintf$5) refers to printf5.o(i._printf_core) for _printf_core
    printf5.o(i.__0vprintf$5) refers to fputc.o(i.fputc) for fputc
    printf5.o(i.__0vprintf$5) refers to stdout.o(.data) for __stdout
    printf5.o(i.__0vsnprintf$5) refers to printf5.o(i._printf_core) for _printf_core
    printf5.o(i.__0vsnprintf$5) refers to printf5.o(i._snputc) for _snputc
    printf5.o(i.__0vsprintf$5) refers to printf5.o(i._printf_core) for _printf_core
    printf5.o(i.__0vsprintf$5) refers to printf5.o(i._sputc) for _sputc
    printf5.o(i._printf_core) refers to uldiv.o(.text) for __aeabi_uldivmod
    printf6.o(i.__0fprintf$6) refers to printf6.o(i._printf_core) for _printf_core
    printf6.o(i.__0fprintf$6) refers to fputc.o(i.fputc) for fputc
    printf6.o(i.__0printf$6) refers to printf6.o(i._printf_core) for _printf_core
    printf6.o(i.__0printf$6) refers to fputc.o(i.fputc) for fputc
    printf6.o(i.__0printf$6) refers to stdout.o(.data) for __stdout
    printf6.o(i.__0snprintf$6) refers to printf6.o(i._printf_core) for _printf_core
    printf6.o(i.__0snprintf$6) refers to printf6.o(i._snputc) for _snputc
    printf6.o(i.__0sprintf$6) refers to printf6.o(i._printf_core) for _printf_core
    printf6.o(i.__0sprintf$6) refers to printf6.o(i._sputc) for _sputc
    printf6.o(i.__0vfprintf$6) refers to printf6.o(i._printf_core) for _printf_core
    printf6.o(i.__0vfprintf$6) refers to fputc.o(i.fputc) for fputc
    printf6.o(i.__0vprintf$6) refers to printf6.o(i._printf_core) for _printf_core
    printf6.o(i.__0vprintf$6) refers to fputc.o(i.fputc) for fputc
    printf6.o(i.__0vprintf$6) refers to stdout.o(.data) for __stdout
    printf6.o(i.__0vsnprintf$6) refers to printf6.o(i._printf_core) for _printf_core
    printf6.o(i.__0vsnprintf$6) refers to printf6.o(i._snputc) for _snputc
    printf6.o(i.__0vsprintf$6) refers to printf6.o(i._printf_core) for _printf_core
    printf6.o(i.__0vsprintf$6) refers to printf6.o(i._sputc) for _sputc
    printf6.o(i._printf_core) refers to printf6.o(i._printf_pre_padding) for _printf_pre_padding
    printf6.o(i._printf_core) refers to uidiv.o(.text) for __aeabi_uidivmod
    printf6.o(i._printf_core) refers to printf6.o(i._printf_post_padding) for _printf_post_padding
    printf7.o(i.__0fprintf$7) refers to printf7.o(i._printf_core) for _printf_core
    printf7.o(i.__0fprintf$7) refers to fputc.o(i.fputc) for fputc
    printf7.o(i.__0printf$7) refers to printf7.o(i._printf_core) for _printf_core
    printf7.o(i.__0printf$7) refers to fputc.o(i.fputc) for fputc
    printf7.o(i.__0printf$7) refers to stdout.o(.data) for __stdout
    printf7.o(i.__0snprintf$7) refers to printf7.o(i._printf_core) for _printf_core
    printf7.o(i.__0snprintf$7) refers to printf7.o(i._snputc) for _snputc
    printf7.o(i.__0sprintf$7) refers to printf7.o(i._printf_core) for _printf_core
    printf7.o(i.__0sprintf$7) refers to printf7.o(i._sputc) for _sputc
    printf7.o(i.__0vfprintf$7) refers to printf7.o(i._printf_core) for _printf_core
    printf7.o(i.__0vfprintf$7) refers to fputc.o(i.fputc) for fputc
    printf7.o(i.__0vprintf$7) refers to printf7.o(i._printf_core) for _printf_core
    printf7.o(i.__0vprintf$7) refers to fputc.o(i.fputc) for fputc
    printf7.o(i.__0vprintf$7) refers to stdout.o(.data) for __stdout
    printf7.o(i.__0vsnprintf$7) refers to printf7.o(i._printf_core) for _printf_core
    printf7.o(i.__0vsnprintf$7) refers to printf7.o(i._snputc) for _snputc
    printf7.o(i.__0vsprintf$7) refers to printf7.o(i._printf_core) for _printf_core
    printf7.o(i.__0vsprintf$7) refers to printf7.o(i._sputc) for _sputc
    printf7.o(i._printf_core) refers to printf7.o(i._printf_pre_padding) for _printf_pre_padding
    printf7.o(i._printf_core) refers to uldiv.o(.text) for __aeabi_uldivmod
    printf7.o(i._printf_core) refers to printf7.o(i._printf_post_padding) for _printf_post_padding
    printf8.o(i.__0fprintf$8) refers to printf8.o(i._printf_core) for _printf_core
    printf8.o(i.__0fprintf$8) refers to fputc.o(i.fputc) for fputc
    printf8.o(i.__0printf$8) refers to printf8.o(i._printf_core) for _printf_core
    printf8.o(i.__0printf$8) refers to fputc.o(i.fputc) for fputc
    printf8.o(i.__0printf$8) refers to stdout.o(.data) for __stdout
    printf8.o(i.__0snprintf$8) refers to printf8.o(i._printf_core) for _printf_core
    printf8.o(i.__0snprintf$8) refers to printf8.o(i._snputc) for _snputc
    printf8.o(i.__0sprintf$8) refers to printf8.o(i._printf_core) for _printf_core
    printf8.o(i.__0sprintf$8) refers to printf8.o(i._sputc) for _sputc
    printf8.o(i.__0vfprintf$8) refers to printf8.o(i._printf_core) for _printf_core
    printf8.o(i.__0vfprintf$8) refers to fputc.o(i.fputc) for fputc
    printf8.o(i.__0vprintf$8) refers to printf8.o(i._printf_core) for _printf_core
    printf8.o(i.__0vprintf$8) refers to fputc.o(i.fputc) for fputc
    printf8.o(i.__0vprintf$8) refers to stdout.o(.data) for __stdout
    printf8.o(i.__0vsnprintf$8) refers to printf8.o(i._printf_core) for _printf_core
    printf8.o(i.__0vsnprintf$8) refers to printf8.o(i._snputc) for _snputc
    printf8.o(i.__0vsprintf$8) refers to printf8.o(i._printf_core) for _printf_core
    printf8.o(i.__0vsprintf$8) refers to printf8.o(i._sputc) for _sputc
    printf8.o(i._printf_core) refers to printf8.o(i._printf_pre_padding) for _printf_pre_padding
    printf8.o(i._printf_core) refers to uldiv.o(.text) for __aeabi_uldivmod
    printf8.o(i._printf_core) refers to printf8.o(i._printf_post_padding) for _printf_post_padding
    printfa.o(i.__0fprintf) refers (Special) to iusefp.o(.text) for __I$use$fp
    printfa.o(i.__0fprintf) refers to printfa.o(i._printf_core) for _printf_core
    printfa.o(i.__0fprintf) refers to fputc.o(i.fputc) for fputc
    printfa.o(i.__0printf) refers (Special) to iusefp.o(.text) for __I$use$fp
    printfa.o(i.__0printf) refers to printfa.o(i._printf_core) for _printf_core
    printfa.o(i.__0printf) refers to fputc.o(i.fputc) for fputc
    printfa.o(i.__0printf) refers to stdout.o(.data) for __stdout
    printfa.o(i.__0snprintf) refers (Special) to iusefp.o(.text) for __I$use$fp
    printfa.o(i.__0snprintf) refers to printfa.o(i._printf_core) for _printf_core
    printfa.o(i.__0snprintf) refers to printfa.o(i._snputc) for _snputc
    printfa.o(i.__0sprintf) refers (Special) to iusefp.o(.text) for __I$use$fp
    printfa.o(i.__0sprintf) refers to printfa.o(i._printf_core) for _printf_core
    printfa.o(i.__0sprintf) refers to printfa.o(i._sputc) for _sputc
    printfa.o(i.__0vfprintf) refers (Special) to iusefp.o(.text) for __I$use$fp
    printfa.o(i.__0vfprintf) refers to printfa.o(i._printf_core) for _printf_core
    printfa.o(i.__0vfprintf) refers to fputc.o(i.fputc) for fputc
    printfa.o(i.__0vprintf) refers (Special) to iusefp.o(.text) for __I$use$fp
    printfa.o(i.__0vprintf) refers to printfa.o(i._printf_core) for _printf_core
    printfa.o(i.__0vprintf) refers to fputc.o(i.fputc) for fputc
    printfa.o(i.__0vprintf) refers to stdout.o(.data) for __stdout
    printfa.o(i.__0vsnprintf) refers (Special) to iusefp.o(.text) for __I$use$fp
    printfa.o(i.__0vsnprintf) refers to printfa.o(i._printf_core) for _printf_core
    printfa.o(i.__0vsnprintf) refers to printfa.o(i._snputc) for _snputc
    printfa.o(i.__0vsprintf) refers (Special) to iusefp.o(.text) for __I$use$fp
    printfa.o(i.__0vsprintf) refers to printfa.o(i._printf_core) for _printf_core
    printfa.o(i.__0vsprintf) refers to printfa.o(i._sputc) for _sputc
    printfa.o(i._fp_digits) refers (Special) to iusefp.o(.text) for __I$use$fp
    printfa.o(i._fp_digits) refers to dmul.o(.text) for __aeabi_dmul
    printfa.o(i._fp_digits) refers to ddiv.o(.text) for __aeabi_ddiv
    printfa.o(i._fp_digits) refers to cdrcmple.o(.text) for __aeabi_cdrcmple
    printfa.o(i._fp_digits) refers to dadd.o(.text) for __aeabi_dadd
    printfa.o(i._fp_digits) refers to dfixul.o(.text) for __aeabi_d2ulz
    printfa.o(i._fp_digits) refers to uldiv.o(.text) for __aeabi_uldivmod
    printfa.o(i._printf_core) refers (Special) to iusefp.o(.text) for __I$use$fp
    printfa.o(i._printf_core) refers to printfa.o(i._printf_pre_padding) for _printf_pre_padding
    printfa.o(i._printf_core) refers to uldiv.o(.text) for __aeabi_uldivmod
    printfa.o(i._printf_core) refers to printfa.o(i._printf_post_padding) for _printf_post_padding
    printfa.o(i._printf_core) refers to printfa.o(i._fp_digits) for _fp_digits
    printfa.o(i._printf_core) refers to uidiv.o(.text) for __aeabi_uidivmod
    printfa.o(i._printf_post_padding) refers (Special) to iusefp.o(.text) for __I$use$fp
    printfa.o(i._printf_pre_padding) refers (Special) to iusefp.o(.text) for __I$use$fp
    printfa.o(i._snputc) refers (Special) to iusefp.o(.text) for __I$use$fp
    printfa.o(i._sputc) refers (Special) to iusefp.o(.text) for __I$use$fp
    dmul.o(.text) refers (Special) to iusefp.o(.text) for __I$use$fp
    dmul.o(.text) refers to depilogue.o(.text) for _double_epilogue
    ffltui.o(.text) refers (Special) to iusefp.o(.text) for __I$use$fp
    ffltui.o(.text) refers to fepilogue.o(.text) for _float_epilogue
    dflti.o(.text) refers (Special) to iusefp.o(.text) for __I$use$fp
    dflti.o(.text) refers to depilogue.o(.text) for _double_epilogue
    dfixui.o(.text) refers (Special) to iusefp.o(.text) for __I$use$fp
    dfixui.o(.text) refers to llushr.o(.text) for __aeabi_llsr
    f2d.o(.text) refers (Special) to iusefp.o(.text) for __I$use$fp
    entry2.o(.ARM.Collect$$$$00000001) refers to entry2.o(.ARM.Collect$$$$00002712) for __lit__00000000
    entry2.o(.ARM.Collect$$$$00002712) refers to startup_stm32f10x_hd.o(STACK) for __initial_sp
    entry2.o(__vectab_stack_and_reset_area) refers to startup_stm32f10x_hd.o(STACK) for __initial_sp
    entry2.o(__vectab_stack_and_reset_area) refers to entry.o(.ARM.Collect$$$$00000000) for __main
    entry5.o(.ARM.Collect$$$$00000004) refers to init.o(.text) for __scatterload
    entry9a.o(.ARM.Collect$$$$0000000B) refers to main.o(i.main) for main
    entry9b.o(.ARM.Collect$$$$0000000C) refers to main.o(i.main) for main
    fputc.o(i.fputc) refers (Special) to iusesemip.o(.text) for __I$use$semihosting$fputc
    fputc.o(i.fputc) refers (Special) to semi.o(.text) for __semihosting_library_function
    uldiv.o(.text) refers to llushr.o(.text) for __aeabi_llsr
    uldiv.o(.text) refers to llshl.o(.text) for __aeabi_llsl
    depilogue.o(.text) refers to llshl.o(.text) for __aeabi_llsl
    depilogue.o(.text) refers to llushr.o(.text) for __aeabi_llsr
    dadd.o(.text) refers to llshl.o(.text) for __aeabi_llsl
    dadd.o(.text) refers to llsshr.o(.text) for __aeabi_lasr
    dadd.o(.text) refers to depilogue.o(.text) for _double_epilogue
    ddiv.o(.text) refers to depilogue.o(.text) for _double_round
    dfixul.o(.text) refers to llushr.o(.text) for __aeabi_llsr
    dfixul.o(.text) refers to llshl.o(.text) for __aeabi_llsl
    init.o(.text) refers to entry5.o(.ARM.Collect$$$$00000004) for __main_after_scatterload


==============================================================================

Removing Unused input sections from the image.

    Removing core_cm3.o(.emb_text), (32 bytes).
    Removing startup_stm32f10x_hd.o(HEAP), (512 bytes).
    Removing exti.o(i.EXTIx_init), (436 bytes).
    Removing adc.o(i.ADC_av), (44 bytes).
    Removing adc.o(i.ADC_read), (48 bytes).
    Removing adc.o(i.ADCx_init), (1228 bytes).
    Removing usart.o(i.AT_cmd), (112 bytes).
    Removing usart.o(i.Get_c), (80 bytes).
    Removing usart.o(i.Get_s), (66 bytes).
    Removing usart.o(i.send_numint), (36 bytes).
    Removing pwm.o(i.PWMx_init), (268 bytes).
    Removing pwm.o(i.TIM2_pin), (184 bytes).
    Removing pwm.o(i.TIM3_pin), (204 bytes).
    Removing pwm.o(i.TIM4_pin), (84 bytes).
    Removing timer.o(i.Timebase_init), (156 bytes).
    Removing delay.o(i.delay_us), (22 bytes).
    Removing delay.o(i.micros), (52 bytes).
    Removing sys.o(.emb_text), (6 bytes).
    Removing sys.o(i.GPIO_Set), (172 bytes).
    Removing sys.o(i.INTX_DISABLE), (4 bytes).
    Removing sys.o(i.INTX_ENABLE), (4 bytes).
    Removing sys.o(i.PIN_Init), (128 bytes).
    Removing sys.o(i.WFI_SET), (4 bytes).
    Removing misc.o(i.NVIC_SetVectorTable), (20 bytes).
    Removing misc.o(i.NVIC_SystemLPConfig), (32 bytes).
    Removing misc.o(i.SysTick_CLKSourceConfig), (40 bytes).
    Removing stm32f10x_rcc.o(i.RCC_ADCCLKConfig), (24 bytes).
    Removing stm32f10x_rcc.o(i.RCC_AHBPeriphClockCmd), (32 bytes).
    Removing stm32f10x_rcc.o(i.RCC_AdjustHSICalibrationValue), (24 bytes).
    Removing stm32f10x_rcc.o(i.RCC_BackupResetCmd), (12 bytes).
    Removing stm32f10x_rcc.o(i.RCC_ClearFlag), (20 bytes).
    Removing stm32f10x_rcc.o(i.RCC_ClearITPendingBit), (12 bytes).
    Removing stm32f10x_rcc.o(i.RCC_ClockSecuritySystemCmd), (12 bytes).
    Removing stm32f10x_rcc.o(i.RCC_DeInit), (76 bytes).
    Removing stm32f10x_rcc.o(i.RCC_GetFlagStatus), (60 bytes).
    Removing stm32f10x_rcc.o(i.RCC_GetITStatus), (24 bytes).
    Removing stm32f10x_rcc.o(i.RCC_GetSYSCLKSource), (16 bytes).
    Removing stm32f10x_rcc.o(i.RCC_HCLKConfig), (24 bytes).
    Removing stm32f10x_rcc.o(i.RCC_HSEConfig), (76 bytes).
    Removing stm32f10x_rcc.o(i.RCC_HSICmd), (12 bytes).
    Removing stm32f10x_rcc.o(i.RCC_ITConfig), (32 bytes).
    Removing stm32f10x_rcc.o(i.RCC_LSEConfig), (52 bytes).
    Removing stm32f10x_rcc.o(i.RCC_LSICmd), (12 bytes).
    Removing stm32f10x_rcc.o(i.RCC_MCOConfig), (12 bytes).
    Removing stm32f10x_rcc.o(i.RCC_PCLK1Config), (24 bytes).
    Removing stm32f10x_rcc.o(i.RCC_PCLK2Config), (24 bytes).
    Removing stm32f10x_rcc.o(i.RCC_PLLCmd), (12 bytes).
    Removing stm32f10x_rcc.o(i.RCC_PLLConfig), (28 bytes).
    Removing stm32f10x_rcc.o(i.RCC_RTCCLKCmd), (12 bytes).
    Removing stm32f10x_rcc.o(i.RCC_RTCCLKConfig), (16 bytes).
    Removing stm32f10x_rcc.o(i.RCC_SYSCLKConfig), (24 bytes).
    Removing stm32f10x_rcc.o(i.RCC_USBCLKConfig), (12 bytes).
    Removing stm32f10x_rcc.o(i.RCC_WaitForHSEStartUp), (56 bytes).
    Removing stm32f10x_gpio.o(i.GPIO_AFIODeInit), (20 bytes).
    Removing stm32f10x_gpio.o(i.GPIO_DeInit), (200 bytes).
    Removing stm32f10x_gpio.o(i.GPIO_ETH_MediaInterfaceConfig), (12 bytes).
    Removing stm32f10x_gpio.o(i.GPIO_EXTILineConfig), (64 bytes).
    Removing stm32f10x_gpio.o(i.GPIO_EventOutputCmd), (12 bytes).
    Removing stm32f10x_gpio.o(i.GPIO_EventOutputConfig), (32 bytes).
    Removing stm32f10x_gpio.o(i.GPIO_PinLockConfig), (18 bytes).
    Removing stm32f10x_gpio.o(i.GPIO_PinRemapConfig), (144 bytes).
    Removing stm32f10x_gpio.o(i.GPIO_ReadInputData), (8 bytes).
    Removing stm32f10x_gpio.o(i.GPIO_ReadInputDataBit), (18 bytes).
    Removing stm32f10x_gpio.o(i.GPIO_ReadOutputData), (8 bytes).
    Removing stm32f10x_gpio.o(i.GPIO_ReadOutputDataBit), (18 bytes).
    Removing stm32f10x_gpio.o(i.GPIO_ResetBits), (4 bytes).
    Removing stm32f10x_gpio.o(i.GPIO_SetBits), (4 bytes).
    Removing stm32f10x_gpio.o(i.GPIO_StructInit), (16 bytes).
    Removing stm32f10x_gpio.o(i.GPIO_Write), (4 bytes).
    Removing stm32f10x_gpio.o(i.GPIO_WriteBit), (10 bytes).
    Removing stm32f10x_usart.o(i.USART_ClearFlag), (18 bytes).
    Removing stm32f10x_usart.o(i.USART_ClearITPendingBit), (30 bytes).
    Removing stm32f10x_usart.o(i.USART_ClockInit), (34 bytes).
    Removing stm32f10x_usart.o(i.USART_ClockStructInit), (12 bytes).
    Removing stm32f10x_usart.o(i.USART_DMACmd), (18 bytes).
    Removing stm32f10x_usart.o(i.USART_DeInit), (156 bytes).
    Removing stm32f10x_usart.o(i.USART_HalfDuplexCmd), (24 bytes).
    Removing stm32f10x_usart.o(i.USART_IrDACmd), (24 bytes).
    Removing stm32f10x_usart.o(i.USART_IrDAConfig), (18 bytes).
    Removing stm32f10x_usart.o(i.USART_LINBreakDetectLengthConfig), (18 bytes).
    Removing stm32f10x_usart.o(i.USART_LINCmd), (24 bytes).
    Removing stm32f10x_usart.o(i.USART_OneBitMethodCmd), (24 bytes).
    Removing stm32f10x_usart.o(i.USART_OverSampling8Cmd), (22 bytes).
    Removing stm32f10x_usart.o(i.USART_ReceiveData), (10 bytes).
    Removing stm32f10x_usart.o(i.USART_ReceiverWakeUpCmd), (24 bytes).
    Removing stm32f10x_usart.o(i.USART_SendBreak), (10 bytes).
    Removing stm32f10x_usart.o(i.USART_SendData), (8 bytes).
    Removing stm32f10x_usart.o(i.USART_SetAddress), (18 bytes).
    Removing stm32f10x_usart.o(i.USART_SetGuardTime), (16 bytes).
    Removing stm32f10x_usart.o(i.USART_SetPrescaler), (16 bytes).
    Removing stm32f10x_usart.o(i.USART_SmartCardCmd), (24 bytes).
    Removing stm32f10x_usart.o(i.USART_SmartCardNACKCmd), (24 bytes).
    Removing stm32f10x_usart.o(i.USART_StructInit), (24 bytes).
    Removing stm32f10x_usart.o(i.USART_WakeUpConfig), (18 bytes).
    Removing stm32f10x_tim.o(i.TI3_Config), (144 bytes).
    Removing stm32f10x_tim.o(i.TI4_Config), (152 bytes).
    Removing stm32f10x_tim.o(i.TIM_ARRPreloadConfig), (24 bytes).
    Removing stm32f10x_tim.o(i.TIM_BDTRConfig), (32 bytes).
    Removing stm32f10x_tim.o(i.TIM_BDTRStructInit), (18 bytes).
    Removing stm32f10x_tim.o(i.TIM_CCPreloadControl), (24 bytes).
    Removing stm32f10x_tim.o(i.TIM_CCxCmd), (30 bytes).
    Removing stm32f10x_tim.o(i.TIM_CCxNCmd), (30 bytes).
    Removing stm32f10x_tim.o(i.TIM_ClearOC1Ref), (18 bytes).
    Removing stm32f10x_tim.o(i.TIM_ClearOC2Ref), (24 bytes).
    Removing stm32f10x_tim.o(i.TIM_ClearOC3Ref), (18 bytes).
    Removing stm32f10x_tim.o(i.TIM_ClearOC4Ref), (24 bytes).
    Removing stm32f10x_tim.o(i.TIM_CounterModeConfig), (18 bytes).
    Removing stm32f10x_tim.o(i.TIM_DMACmd), (18 bytes).
    Removing stm32f10x_tim.o(i.TIM_DMAConfig), (10 bytes).
    Removing stm32f10x_tim.o(i.TIM_ETRClockMode1Config), (54 bytes).
    Removing stm32f10x_tim.o(i.TIM_ETRClockMode2Config), (32 bytes).
    Removing stm32f10x_tim.o(i.TIM_ETRConfig), (28 bytes).
    Removing stm32f10x_tim.o(i.TIM_EncoderInterfaceConfig), (66 bytes).
    Removing stm32f10x_tim.o(i.TIM_ForcedOC1Config), (18 bytes).
    Removing stm32f10x_tim.o(i.TIM_ForcedOC2Config), (26 bytes).
    Removing stm32f10x_tim.o(i.TIM_ForcedOC3Config), (18 bytes).
    Removing stm32f10x_tim.o(i.TIM_ForcedOC4Config), (26 bytes).
    Removing stm32f10x_tim.o(i.TIM_GenerateEvent), (4 bytes).
    Removing stm32f10x_tim.o(i.TIM_GetCapture3), (6 bytes).
    Removing stm32f10x_tim.o(i.TIM_GetCapture4), (8 bytes).
    Removing stm32f10x_tim.o(i.TIM_GetCounter), (6 bytes).
    Removing stm32f10x_tim.o(i.TIM_GetPrescaler), (6 bytes).
    Removing stm32f10x_tim.o(i.TIM_ICInit), (172 bytes).
    Removing stm32f10x_tim.o(i.TIM_ICStructInit), (18 bytes).
    Removing stm32f10x_tim.o(i.TIM_ITConfig), (18 bytes).
    Removing stm32f10x_tim.o(i.TIM_ITRxExternalClockConfig), (24 bytes).
    Removing stm32f10x_tim.o(i.TIM_InternalClockConfig), (12 bytes).
    Removing stm32f10x_tim.o(i.TIM_OC1FastConfig), (18 bytes).
    Removing stm32f10x_tim.o(i.TIM_OC1Init), (152 bytes).
    Removing stm32f10x_tim.o(i.TIM_OC1NPolarityConfig), (18 bytes).
    Removing stm32f10x_tim.o(i.TIM_OC1PolarityConfig), (18 bytes).
    Removing stm32f10x_tim.o(i.TIM_OC1PreloadConfig), (18 bytes).
    Removing stm32f10x_tim.o(i.TIM_OC2FastConfig), (26 bytes).
    Removing stm32f10x_tim.o(i.TIM_OC2Init), (164 bytes).
    Removing stm32f10x_tim.o(i.TIM_OC2NPolarityConfig), (26 bytes).
    Removing stm32f10x_tim.o(i.TIM_OC2PolarityConfig), (26 bytes).
    Removing stm32f10x_tim.o(i.TIM_OC2PreloadConfig), (26 bytes).
    Removing stm32f10x_tim.o(i.TIM_OC3FastConfig), (18 bytes).
    Removing stm32f10x_tim.o(i.TIM_OC3NPolarityConfig), (26 bytes).
    Removing stm32f10x_tim.o(i.TIM_OC3PolarityConfig), (26 bytes).
    Removing stm32f10x_tim.o(i.TIM_OC3PreloadConfig), (18 bytes).
    Removing stm32f10x_tim.o(i.TIM_OC4FastConfig), (26 bytes).
    Removing stm32f10x_tim.o(i.TIM_OC4Init), (124 bytes).
    Removing stm32f10x_tim.o(i.TIM_OC4PolarityConfig), (26 bytes).
    Removing stm32f10x_tim.o(i.TIM_OC4PreloadConfig), (26 bytes).
    Removing stm32f10x_tim.o(i.TIM_PrescalerConfig), (6 bytes).
    Removing stm32f10x_tim.o(i.TIM_SelectCCDMA), (24 bytes).
    Removing stm32f10x_tim.o(i.TIM_SelectCOM), (24 bytes).
    Removing stm32f10x_tim.o(i.TIM_SelectHallSensor), (24 bytes).
    Removing stm32f10x_tim.o(i.TIM_SelectOCxM), (82 bytes).
    Removing stm32f10x_tim.o(i.TIM_SelectOnePulseMode), (18 bytes).
    Removing stm32f10x_tim.o(i.TIM_SelectOutputTrigger), (18 bytes).
    Removing stm32f10x_tim.o(i.TIM_SelectSlaveMode), (18 bytes).
    Removing stm32f10x_tim.o(i.TIM_SetAutoreload), (4 bytes).
    Removing stm32f10x_tim.o(i.TIM_SetClockDivision), (18 bytes).
    Removing stm32f10x_tim.o(i.TIM_SetCompare1), (4 bytes).
    Removing stm32f10x_tim.o(i.TIM_SetCompare2), (4 bytes).
    Removing stm32f10x_tim.o(i.TIM_SetCompare3), (4 bytes).
    Removing stm32f10x_tim.o(i.TIM_SetCompare4), (6 bytes).
    Removing stm32f10x_tim.o(i.TIM_SetCounter), (4 bytes).
    Removing stm32f10x_tim.o(i.TIM_SetIC3Prescaler), (18 bytes).
    Removing stm32f10x_tim.o(i.TIM_SetIC4Prescaler), (26 bytes).
    Removing stm32f10x_tim.o(i.TIM_TIxExternalClockConfig), (62 bytes).
    Removing stm32f10x_tim.o(i.TIM_TimeBaseStructInit), (18 bytes).
    Removing stm32f10x_tim.o(i.TIM_UpdateDisableConfig), (24 bytes).
    Removing stm32f10x_tim.o(i.TIM_UpdateRequestConfig), (24 bytes).
    Removing stm32f10x_exti.o(i.EXTI_ClearFlag), (12 bytes).
    Removing stm32f10x_exti.o(i.EXTI_ClearITPendingBit), (12 bytes).
    Removing stm32f10x_exti.o(i.EXTI_DeInit), (36 bytes).
    Removing stm32f10x_exti.o(i.EXTI_GenerateSWInterrupt), (16 bytes).
    Removing stm32f10x_exti.o(i.EXTI_GetFlagStatus), (24 bytes).
    Removing stm32f10x_exti.o(i.EXTI_GetITStatus), (40 bytes).
    Removing stm32f10x_exti.o(i.EXTI_Init), (148 bytes).
    Removing stm32f10x_exti.o(i.EXTI_StructInit), (16 bytes).
    Removing stm32f10x_adc.o(i.ADC_AnalogWatchdogCmd), (20 bytes).
    Removing stm32f10x_adc.o(i.ADC_AnalogWatchdogSingleChannelConfig), (16 bytes).
    Removing stm32f10x_adc.o(i.ADC_AnalogWatchdogThresholdsConfig), (6 bytes).
    Removing stm32f10x_adc.o(i.ADC_AutoInjectedConvCmd), (22 bytes).
    Removing stm32f10x_adc.o(i.ADC_ClearFlag), (6 bytes).
    Removing stm32f10x_adc.o(i.ADC_ClearITPendingBit), (10 bytes).
    Removing stm32f10x_adc.o(i.ADC_Cmd), (22 bytes).
    Removing stm32f10x_adc.o(i.ADC_DMACmd), (22 bytes).
    Removing stm32f10x_adc.o(i.ADC_DeInit), (92 bytes).
    Removing stm32f10x_adc.o(i.ADC_DiscModeChannelCountConfig), (24 bytes).
    Removing stm32f10x_adc.o(i.ADC_DiscModeCmd), (22 bytes).
    Removing stm32f10x_adc.o(i.ADC_ExternalTrigConvCmd), (22 bytes).
    Removing stm32f10x_adc.o(i.ADC_ExternalTrigInjectedConvCmd), (22 bytes).
    Removing stm32f10x_adc.o(i.ADC_ExternalTrigInjectedConvConfig), (16 bytes).
    Removing stm32f10x_adc.o(i.ADC_GetCalibrationStatus), (20 bytes).
    Removing stm32f10x_adc.o(i.ADC_GetConversionValue), (8 bytes).
    Removing stm32f10x_adc.o(i.ADC_GetDualModeConversionValue), (12 bytes).
    Removing stm32f10x_adc.o(i.ADC_GetFlagStatus), (18 bytes).
    Removing stm32f10x_adc.o(i.ADC_GetITStatus), (36 bytes).
    Removing stm32f10x_adc.o(i.ADC_GetInjectedConversionValue), (28 bytes).
    Removing stm32f10x_adc.o(i.ADC_GetResetCalibrationStatus), (20 bytes).
    Removing stm32f10x_adc.o(i.ADC_GetSoftwareStartConvStatus), (20 bytes).
    Removing stm32f10x_adc.o(i.ADC_GetSoftwareStartInjectedConvCmdStatus), (20 bytes).
    Removing stm32f10x_adc.o(i.ADC_ITConfig), (24 bytes).
    Removing stm32f10x_adc.o(i.ADC_Init), (80 bytes).
    Removing stm32f10x_adc.o(i.ADC_InjectedChannelConfig), (130 bytes).
    Removing stm32f10x_adc.o(i.ADC_InjectedDiscModeCmd), (22 bytes).
    Removing stm32f10x_adc.o(i.ADC_InjectedSequencerLengthConfig), (24 bytes).
    Removing stm32f10x_adc.o(i.ADC_RegularChannelConfig), (184 bytes).
    Removing stm32f10x_adc.o(i.ADC_ResetCalibration), (10 bytes).
    Removing stm32f10x_adc.o(i.ADC_SetInjectedOffset), (20 bytes).
    Removing stm32f10x_adc.o(i.ADC_SoftwareStartConvCmd), (22 bytes).
    Removing stm32f10x_adc.o(i.ADC_SoftwareStartInjectedConvCmd), (22 bytes).
    Removing stm32f10x_adc.o(i.ADC_StartCalibration), (10 bytes).
    Removing stm32f10x_adc.o(i.ADC_StructInit), (18 bytes).
    Removing stm32f10x_adc.o(i.ADC_TempSensorVrefintCmd), (36 bytes).
    Removing system_stm32f10x.o(i.SystemCoreClockUpdate), (164 bytes).

211 unused section(s) (total 9832 bytes) removed from the image.

==============================================================================

Image Symbol Table

    Local Symbols

    Symbol Name                              Value     Ov Type        Size  Object(Section)

    ../clib/microlib/division.c              0x00000000   Number         0  uidiv.o ABSOLUTE
    ../clib/microlib/division.c              0x00000000   Number         0  uldiv.o ABSOLUTE
    ../clib/microlib/init/entry.s            0x00000000   Number         0  entry.o ABSOLUTE
    ../clib/microlib/init/entry.s            0x00000000   Number         0  entry8a.o ABSOLUTE
    ../clib/microlib/init/entry.s            0x00000000   Number         0  entry9b.o ABSOLUTE
    ../clib/microlib/init/entry.s            0x00000000   Number         0  entry7b.o ABSOLUTE
    ../clib/microlib/init/entry.s            0x00000000   Number         0  entry7a.o ABSOLUTE
    ../clib/microlib/init/entry.s            0x00000000   Number         0  entry5.o ABSOLUTE
    ../clib/microlib/init/entry.s            0x00000000   Number         0  entry2.o ABSOLUTE
    ../clib/microlib/init/entry.s            0x00000000   Number         0  entry10a.o ABSOLUTE
    ../clib/microlib/init/entry.s            0x00000000   Number         0  entry9a.o ABSOLUTE
    ../clib/microlib/init/entry.s            0x00000000   Number         0  entry10b.o ABSOLUTE
    ../clib/microlib/init/entry.s            0x00000000   Number         0  entry11a.o ABSOLUTE
    ../clib/microlib/init/entry.s            0x00000000   Number         0  entry8b.o ABSOLUTE
    ../clib/microlib/init/entry.s            0x00000000   Number         0  entry11b.o ABSOLUTE
    ../clib/microlib/longlong.c              0x00000000   Number         0  llushr.o ABSOLUTE
    ../clib/microlib/longlong.c              0x00000000   Number         0  llshl.o ABSOLUTE
    ../clib/microlib/longlong.c              0x00000000   Number         0  llsshr.o ABSOLUTE
    ../clib/microlib/printf/printf.c         0x00000000   Number         0  printf6.o ABSOLUTE
    ../clib/microlib/printf/printf.c         0x00000000   Number         0  printf3.o ABSOLUTE
    ../clib/microlib/printf/printf.c         0x00000000   Number         0  printf7.o ABSOLUTE
    ../clib/microlib/printf/printf.c         0x00000000   Number         0  printf8.o ABSOLUTE
    ../clib/microlib/printf/printf.c         0x00000000   Number         0  printfa.o ABSOLUTE
    ../clib/microlib/printf/printf.c         0x00000000   Number         0  printf2.o ABSOLUTE
    ../clib/microlib/printf/printf.c         0x00000000   Number         0  printf1.o ABSOLUTE
    ../clib/microlib/printf/printf.c         0x00000000   Number         0  printf0.o ABSOLUTE
    ../clib/microlib/printf/printf.c         0x00000000   Number         0  printfb.o ABSOLUTE
    ../clib/microlib/printf/printf.c         0x00000000   Number         0  printf5.o ABSOLUTE
    ../clib/microlib/printf/printf.c         0x00000000   Number         0  printf4.o ABSOLUTE
    ../clib/microlib/printf/stubs.s          0x00000000   Number         0  stubs.o ABSOLUTE
    ../clib/microlib/stdio/fputc.c           0x00000000   Number         0  fputc.o ABSOLUTE
    ../clib/microlib/stdio/semi.s            0x00000000   Number         0  semi.o ABSOLUTE
    ../clib/microlib/stdio/streams.c         0x00000000   Number         0  stdout.o ABSOLUTE
    ../clib/microlib/string/memset.c         0x00000000   Number         0  memseta.o ABSOLUTE
    ../clib/microlib/string/strstr.c         0x00000000   Number         0  strstr.o ABSOLUTE
    ../clib/microlib/stubs.s                 0x00000000   Number         0  iusesemip.o ABSOLUTE
    ../clib/microlib/stubs.s                 0x00000000   Number         0  iusefp.o ABSOLUTE
    ../fplib/microlib/f2d.c                  0x00000000   Number         0  f2d.o ABSOLUTE
    ../fplib/microlib/fpadd.c                0x00000000   Number         0  dadd.o ABSOLUTE
    ../fplib/microlib/fpdiv.c                0x00000000   Number         0  ddiv.o ABSOLUTE
    ../fplib/microlib/fpepilogue.c           0x00000000   Number         0  fepilogue.o ABSOLUTE
    ../fplib/microlib/fpepilogue.c           0x00000000   Number         0  depilogue.o ABSOLUTE
    ../fplib/microlib/fpfix.c                0x00000000   Number         0  dfixul.o ABSOLUTE
    ../fplib/microlib/fpfix.c                0x00000000   Number         0  dfixui.o ABSOLUTE
    ../fplib/microlib/fpflt.c                0x00000000   Number         0  ffltui.o ABSOLUTE
    ../fplib/microlib/fpflt.c                0x00000000   Number         0  dflti.o ABSOLUTE
    ../fplib/microlib/fpmul.c                0x00000000   Number         0  dmul.o ABSOLUTE
    ..\CORE\core_cm3.c                       0x00000000   Number         0  core_cm3.o ABSOLUTE
    ..\CORE\startup_stm32f10x_hd.s           0x00000000   Number         0  startup_stm32f10x_hd.o ABSOLUTE
    ..\HARDWARE\ADC\adc.c                    0x00000000   Number         0  adc.o ABSOLUTE
    ..\HARDWARE\EXTI\exti.c                  0x00000000   Number         0  exti.o ABSOLUTE
    ..\HARDWARE\LED\LED.c                    0x00000000   Number         0  led.o ABSOLUTE
    ..\HARDWARE\TIMER\inputcapture.c         0x00000000   Number         0  inputcapture.o ABSOLUTE
    ..\HARDWARE\TIMER\pwm.c                  0x00000000   Number         0  pwm.o ABSOLUTE
    ..\HARDWARE\TIMER\timer.c                0x00000000   Number         0  timer.o ABSOLUTE
    ..\HARDWARE\USART\usart.c                0x00000000   Number         0  usart.o ABSOLUTE
    ..\STM32F10x_FWLib\src\misc.c            0x00000000   Number         0  misc.o ABSOLUTE
    ..\STM32F10x_FWLib\src\stm32f10x_adc.c   0x00000000   Number         0  stm32f10x_adc.o ABSOLUTE
    ..\STM32F10x_FWLib\src\stm32f10x_exti.c  0x00000000   Number         0  stm32f10x_exti.o ABSOLUTE
    ..\STM32F10x_FWLib\src\stm32f10x_gpio.c  0x00000000   Number         0  stm32f10x_gpio.o ABSOLUTE
    ..\STM32F10x_FWLib\src\stm32f10x_rcc.c   0x00000000   Number         0  stm32f10x_rcc.o ABSOLUTE
    ..\STM32F10x_FWLib\src\stm32f10x_tim.c   0x00000000   Number         0  stm32f10x_tim.o ABSOLUTE
    ..\STM32F10x_FWLib\src\stm32f10x_usart.c 0x00000000   Number         0  stm32f10x_usart.o ABSOLUTE
    ..\SYSTEM\delay\delay.c                  0x00000000   Number         0  delay.o ABSOLUTE
    ..\SYSTEM\sys\sys.c                      0x00000000   Number         0  sys.o ABSOLUTE
    ..\\CORE\\core_cm3.c                     0x00000000   Number         0  core_cm3.o ABSOLUTE
    ..\\SYSTEM\\sys\\sys.c                   0x00000000   Number         0  sys.o ABSOLUTE
    cdrcmple.s                               0x00000000   Number         0  cdrcmple.o ABSOLUTE
    dc.s                                     0x00000000   Number         0  dc.o ABSOLUTE
    handlers.s                               0x00000000   Number         0  handlers.o ABSOLUTE
    init.s                                   0x00000000   Number         0  init.o ABSOLUTE
    main.c                                   0x00000000   Number         0  main.o ABSOLUTE
    stm32f10x_it.c                           0x00000000   Number         0  stm32f10x_it.o ABSOLUTE
    system_stm32f10x.c                       0x00000000   Number         0  system_stm32f10x.o ABSOLUTE
    RESET                                    0x08000000   Section      304  startup_stm32f10x_hd.o(RESET)
    .ARM.Collect$$$$00000000                 0x08000130   Section        0  entry.o(.ARM.Collect$$$$00000000)
    .ARM.Collect$$$$00000001                 0x08000130   Section        4  entry2.o(.ARM.Collect$$$$00000001)
    .ARM.Collect$$$$00000004                 0x08000134   Section        4  entry5.o(.ARM.Collect$$$$00000004)
    .ARM.Collect$$$$00000008                 0x08000138   Section        0  entry7b.o(.ARM.Collect$$$$00000008)
    .ARM.Collect$$$$0000000A                 0x08000138   Section        0  entry8b.o(.ARM.Collect$$$$0000000A)
    .ARM.Collect$$$$0000000B                 0x08000138   Section        8  entry9a.o(.ARM.Collect$$$$0000000B)
    .ARM.Collect$$$$0000000D                 0x08000140   Section        0  entry10a.o(.ARM.Collect$$$$0000000D)
    .ARM.Collect$$$$0000000F                 0x08000140   Section        0  entry11a.o(.ARM.Collect$$$$0000000F)
    .ARM.Collect$$$$00002712                 0x08000140   Section        4  entry2.o(.ARM.Collect$$$$00002712)
    __lit__00000000                          0x08000140   Data           4  entry2.o(.ARM.Collect$$$$00002712)
    .text                                    0x08000144   Section       36  startup_stm32f10x_hd.o(.text)
    .text                                    0x08000168   Section        0  dmul.o(.text)
    .text                                    0x0800024c   Section        0  ffltui.o(.text)
    .text                                    0x08000256   Section        0  dflti.o(.text)
    .text                                    0x08000278   Section        0  dfixui.o(.text)
    .text                                    0x080002aa   Section        0  f2d.o(.text)
    .text                                    0x080002d0   Section        0  uidiv.o(.text)
    .text                                    0x080002fc   Section        0  uldiv.o(.text)
    .text                                    0x0800035e   Section        0  llushr.o(.text)
    .text                                    0x0800037e   Section        0  iusefp.o(.text)
    .text                                    0x0800037e   Section        0  fepilogue.o(.text)
    .text                                    0x080003ec   Section        0  depilogue.o(.text)
    .text                                    0x080004a6   Section        0  dadd.o(.text)
    .text                                    0x080005f4   Section        0  ddiv.o(.text)
    .text                                    0x080006d2   Section        0  dfixul.o(.text)
    .text                                    0x08000704   Section       48  cdrcmple.o(.text)
    .text                                    0x08000734   Section       36  init.o(.text)
    .text                                    0x08000758   Section        0  llshl.o(.text)
    .text                                    0x08000776   Section        0  llsshr.o(.text)
    i.BusFault_Handler                       0x0800079a   Section        0  stm32f10x_it.o(i.BusFault_Handler)
    i.DebugMon_Handler                       0x0800079e   Section        0  stm32f10x_it.o(i.DebugMon_Handler)
    i.GPIO_Init                              0x080007a0   Section        0  stm32f10x_gpio.o(i.GPIO_Init)
    i.GPIO_SETUP                             0x080008b8   Section        0  sys.o(i.GPIO_SETUP)
    i.HCSR04_GetDistance                     0x08000914   Section        0  inputcapture.o(i.HCSR04_GetDistance)
    i.HCSR04_Init                            0x0800098c   Section        0  inputcapture.o(i.HCSR04_Init)
    i.HardFault_Handler                      0x08000a58   Section        0  stm32f10x_it.o(i.HardFault_Handler)
    i.LED_init                               0x08000a5c   Section        0  led.o(i.LED_init)
    i.MemManage_Handler                      0x08000a7c   Section        0  stm32f10x_it.o(i.MemManage_Handler)
    i.NMI_Handler                            0x08000a80   Section        0  stm32f10x_it.o(i.NMI_Handler)
    i.NVIC_Init                              0x08000a84   Section        0  misc.o(i.NVIC_Init)
    i.NVIC_PriorityGroupConfig               0x08000af4   Section        0  misc.o(i.NVIC_PriorityGroupConfig)
    i.PendSV_Handler                         0x08000b08   Section        0  stm32f10x_it.o(i.PendSV_Handler)
    i.RCC_APB1PeriphClockCmd                 0x08000b0c   Section        0  stm32f10x_rcc.o(i.RCC_APB1PeriphClockCmd)
    i.RCC_APB1PeriphResetCmd                 0x08000b2c   Section        0  stm32f10x_rcc.o(i.RCC_APB1PeriphResetCmd)
    i.RCC_APB2PeriphClockCmd                 0x08000b4c   Section        0  stm32f10x_rcc.o(i.RCC_APB2PeriphClockCmd)
    i.RCC_APB2PeriphResetCmd                 0x08000b6c   Section        0  stm32f10x_rcc.o(i.RCC_APB2PeriphResetCmd)
    i.RCC_GetClocksFreq                      0x08000b8c   Section        0  stm32f10x_rcc.o(i.RCC_GetClocksFreq)
    i.SVC_Handler                            0x08000c60   Section        0  stm32f10x_it.o(i.SVC_Handler)
    i.SetSysClock                            0x08000c62   Section        0  system_stm32f10x.o(i.SetSysClock)
    SetSysClock                              0x08000c63   Thumb Code     8  system_stm32f10x.o(i.SetSysClock)
    i.SetSysClockTo72                        0x08000c6c   Section        0  system_stm32f10x.o(i.SetSysClockTo72)
    SetSysClockTo72                          0x08000c6d   Thumb Code   214  system_stm32f10x.o(i.SetSysClockTo72)
    i.SysTick_Handler                        0x08000d4c   Section        0  delay.o(i.SysTick_Handler)
    i.SystemInit                             0x08000d5c   Section        0  system_stm32f10x.o(i.SystemInit)
    i.TI1_Config                             0x08000dbc   Section        0  stm32f10x_tim.o(i.TI1_Config)
    TI1_Config                               0x08000dbd   Thumb Code   108  stm32f10x_tim.o(i.TI1_Config)
    i.TI2_Config                             0x08000e3c   Section        0  stm32f10x_tim.o(i.TI2_Config)
    TI2_Config                               0x08000e3d   Thumb Code   130  stm32f10x_tim.o(i.TI2_Config)
    i.TIM2_IRQHandler                        0x08000ed4   Section        0  main.o(i.TIM2_IRQHandler)
    i.TIM_ClearFlag                          0x08000eea   Section        0  stm32f10x_tim.o(i.TIM_ClearFlag)
    i.TIM_ClearITPendingBit                  0x08000ef0   Section        0  stm32f10x_tim.o(i.TIM_ClearITPendingBit)
    i.TIM_Cmd                                0x08000ef6   Section        0  stm32f10x_tim.o(i.TIM_Cmd)
    i.TIM_CtrlPWMOutputs                     0x08000f0e   Section        0  stm32f10x_tim.o(i.TIM_CtrlPWMOutputs)
    i.TIM_DeInit                             0x08000f2c   Section        0  stm32f10x_tim.o(i.TIM_DeInit)
    i.TIM_GetCapture1                        0x08001114   Section        0  stm32f10x_tim.o(i.TIM_GetCapture1)
    i.TIM_GetCapture2                        0x0800111a   Section        0  stm32f10x_tim.o(i.TIM_GetCapture2)
    i.TIM_GetFlagStatus                      0x08001120   Section        0  stm32f10x_tim.o(i.TIM_GetFlagStatus)
    i.TIM_GetITStatus                        0x08001132   Section        0  stm32f10x_tim.o(i.TIM_GetITStatus)
    i.TIM_OC3Init                            0x08001154   Section        0  stm32f10x_tim.o(i.TIM_OC3Init)
    i.TIM_OCStructInit                       0x080011f4   Section        0  stm32f10x_tim.o(i.TIM_OCStructInit)
    i.TIM_PWMIConfig                         0x08001208   Section        0  stm32f10x_tim.o(i.TIM_PWMIConfig)
    i.TIM_SelectInputTrigger                 0x08001284   Section        0  stm32f10x_tim.o(i.TIM_SelectInputTrigger)
    i.TIM_SelectMasterSlaveMode              0x08001296   Section        0  stm32f10x_tim.o(i.TIM_SelectMasterSlaveMode)
    i.TIM_SetIC1Prescaler                    0x080012a8   Section        0  stm32f10x_tim.o(i.TIM_SetIC1Prescaler)
    i.TIM_SetIC2Prescaler                    0x080012ba   Section        0  stm32f10x_tim.o(i.TIM_SetIC2Prescaler)
    i.TIM_TimeBaseInit                       0x080012d4   Section        0  stm32f10x_tim.o(i.TIM_TimeBaseInit)
    i.USART1_IRQHandler                      0x08001378   Section        0  usart.o(i.USART1_IRQHandler)
    i.USART2_IRQHandler                      0x080013a0   Section        0  usart.o(i.USART2_IRQHandler)
    i.USART_Cmd                              0x080013c8   Section        0  stm32f10x_usart.o(i.USART_Cmd)
    i.USART_GetFlagStatus                    0x080013e0   Section        0  stm32f10x_usart.o(i.USART_GetFlagStatus)
    i.USART_GetITStatus                      0x080013fa   Section        0  stm32f10x_usart.o(i.USART_GetITStatus)
    i.USART_ITConfig                         0x0800144e   Section        0  stm32f10x_usart.o(i.USART_ITConfig)
    i.USART_Init                             0x08001498   Section        0  stm32f10x_usart.o(i.USART_Init)
    i.USARTtobuffer                          0x08001570   Section        0  usart.o(i.USARTtobuffer)
    i.USARTx_init                            0x08001590   Section        0  usart.o(i.USARTx_init)
    i.UsageFault_Handler                     0x080016a4   Section        0  stm32f10x_it.o(i.UsageFault_Handler)
    i.__0sprintf                             0x080016a8   Section        0  printfa.o(i.__0sprintf)
    i.__scatterload_copy                     0x080016d0   Section       14  handlers.o(i.__scatterload_copy)
    i.__scatterload_null                     0x080016de   Section        2  handlers.o(i.__scatterload_null)
    i.__scatterload_zeroinit                 0x080016e0   Section       14  handlers.o(i.__scatterload_zeroinit)
    i._fp_digits                             0x080016f0   Section        0  printfa.o(i._fp_digits)
    _fp_digits                               0x080016f1   Thumb Code   366  printfa.o(i._fp_digits)
    i._printf_core                           0x08001874   Section        0  printfa.o(i._printf_core)
    _printf_core                             0x08001875   Thumb Code  1744  printfa.o(i._printf_core)
    i._printf_post_padding                   0x08001f50   Section        0  printfa.o(i._printf_post_padding)
    _printf_post_padding                     0x08001f51   Thumb Code    36  printfa.o(i._printf_post_padding)
    i._printf_pre_padding                    0x08001f74   Section        0  printfa.o(i._printf_pre_padding)
    _printf_pre_padding                      0x08001f75   Thumb Code    46  printfa.o(i._printf_pre_padding)
    i._sputc                                 0x08001fa2   Section        0  printfa.o(i._sputc)
    _sputc                                   0x08001fa3   Thumb Code    10  printfa.o(i._sputc)
    i.delay_init                             0x08001fac   Section        0  delay.o(i.delay_init)
    i.delay_ms                               0x08002014   Section        0  delay.o(i.delay_ms)
    i.initPins                               0x0800202c   Section        0  inputcapture.o(i.initPins)
    initPins                                 0x0800202d   Thumb Code    56  inputcapture.o(i.initPins)
    i.main                                   0x0800206c   Section        0  main.o(i.main)
    i.millis                                 0x080020b4   Section        0  delay.o(i.millis)
    i.send_data                              0x080020c0   Section        0  usart.o(i.send_data)
    i.send_numfloat                          0x080020dc   Section        0  usart.o(i.send_numfloat)
    i.send_str                               0x0800210c   Section        0  usart.o(i.send_str)
    .data                                    0x20000000   Section       24  usart.o(.data)
    .data                                    0x20000018   Section        4  delay.o(.data)
    .data                                    0x2000001c   Section       20  stm32f10x_rcc.o(.data)
    APBAHBPrescTable                         0x2000001c   Data          16  stm32f10x_rcc.o(.data)
    ADCPrescTable                            0x2000002c   Data           4  stm32f10x_rcc.o(.data)
    .data                                    0x20000030   Section       20  system_stm32f10x.o(.data)
    .bss                                     0x20000044   Section      200  usart.o(.bss)
    STACK                                    0x20000110   Section     1024  startup_stm32f10x_hd.o(STACK)

    Global Symbols

    Symbol Name                              Value     Ov Type        Size  Object(Section)

    BuildAttributes$$THM_ISAv4$P$D$K$B$S$PE$A:L22UL41UL21$X:L11$S22US41US21$IEEE1$IW$USESV6$~STKCKD$USESV7$~SHL$OTIME$ROPI$EBA8$MICROLIB$REQ8$PRES8$EABIv2 0x00000000   Number         0  anon$$obj.o ABSOLUTE
    __ARM_use_no_argv                        0x00000000   Number         0  main.o ABSOLUTE
    _printf_a                                0x00000000   Number         0  stubs.o ABSOLUTE
    _printf_c                                0x00000000   Number         0  stubs.o ABSOLUTE
    _printf_charcount                        0x00000000   Number         0  stubs.o ABSOLUTE
    _printf_d                                0x00000000   Number         0  stubs.o ABSOLUTE
    _printf_e                                0x00000000   Number         0  stubs.o ABSOLUTE
    _printf_f                                0x00000000   Number         0  stubs.o ABSOLUTE
    _printf_flags                            0x00000000   Number         0  stubs.o ABSOLUTE
    _printf_fp_dec                           0x00000000   Number         0  stubs.o ABSOLUTE
    _printf_fp_hex                           0x00000000   Number         0  stubs.o ABSOLUTE
    _printf_g                                0x00000000   Number         0  stubs.o ABSOLUTE
    _printf_i                                0x00000000   Number         0  stubs.o ABSOLUTE
    _printf_int_dec                          0x00000000   Number         0  stubs.o ABSOLUTE
    _printf_l                                0x00000000   Number         0  stubs.o ABSOLUTE
    _printf_lc                               0x00000000   Number         0  stubs.o ABSOLUTE
    _printf_ll                               0x00000000   Number         0  stubs.o ABSOLUTE
    _printf_lld                              0x00000000   Number         0  stubs.o ABSOLUTE
    _printf_lli                              0x00000000   Number         0  stubs.o ABSOLUTE
    _printf_llo                              0x00000000   Number         0  stubs.o ABSOLUTE
    _printf_llu                              0x00000000   Number         0  stubs.o ABSOLUTE
    _printf_llx                              0x00000000   Number         0  stubs.o ABSOLUTE
    _printf_longlong_dec                     0x00000000   Number         0  stubs.o ABSOLUTE
    _printf_longlong_hex                     0x00000000   Number         0  stubs.o ABSOLUTE
    _printf_longlong_oct                     0x00000000   Number         0  stubs.o ABSOLUTE
    _printf_ls                               0x00000000   Number         0  stubs.o ABSOLUTE
    _printf_mbtowc                           0x00000000   Number         0  stubs.o ABSOLUTE
    _printf_n                                0x00000000   Number         0  stubs.o ABSOLUTE
    _printf_o                                0x00000000   Number         0  stubs.o ABSOLUTE
    _printf_p                                0x00000000   Number         0  stubs.o ABSOLUTE
    _printf_percent                          0x00000000   Number         0  stubs.o ABSOLUTE
    _printf_pre_padding                      0x00000000   Number         0  stubs.o ABSOLUTE
    _printf_return_value                     0x00000000   Number         0  stubs.o ABSOLUTE
    _printf_s                                0x00000000   Number         0  stubs.o ABSOLUTE
    _printf_sizespec                         0x00000000   Number         0  stubs.o ABSOLUTE
    _printf_str                              0x00000000   Number         0  stubs.o ABSOLUTE
    _printf_truncate_signed                  0x00000000   Number         0  stubs.o ABSOLUTE
    _printf_truncate_unsigned                0x00000000   Number         0  stubs.o ABSOLUTE
    _printf_u                                0x00000000   Number         0  stubs.o ABSOLUTE
    _printf_wc                               0x00000000   Number         0  stubs.o ABSOLUTE
    _printf_wctomb                           0x00000000   Number         0  stubs.o ABSOLUTE
    _printf_widthprec                        0x00000000   Number         0  stubs.o ABSOLUTE
    _printf_x                                0x00000000   Number         0  stubs.o ABSOLUTE
    __cpp_initialize__aeabi_                  - Undefined Weak Reference
    __cxa_finalize                            - Undefined Weak Reference
    __decompress                              - Undefined Weak Reference
    _clock_init                               - Undefined Weak Reference
    _microlib_exit                            - Undefined Weak Reference
    __Vectors_Size                           0x00000130   Number         0  startup_stm32f10x_hd.o ABSOLUTE
    __Vectors                                0x08000000   Data           4  startup_stm32f10x_hd.o(RESET)
    __Vectors_End                            0x08000130   Data           0  startup_stm32f10x_hd.o(RESET)
    __main                                   0x08000131   Thumb Code     0  entry.o(.ARM.Collect$$$$00000000)
    _main_stk                                0x08000131   Thumb Code     0  entry2.o(.ARM.Collect$$$$00000001)
    _main_scatterload                        0x08000135   Thumb Code     0  entry5.o(.ARM.Collect$$$$00000004)
    __main_after_scatterload                 0x08000139   Thumb Code     0  entry5.o(.ARM.Collect$$$$00000004)
    _main_clock                              0x08000139   Thumb Code     0  entry7b.o(.ARM.Collect$$$$00000008)
    _main_cpp_init                           0x08000139   Thumb Code     0  entry8b.o(.ARM.Collect$$$$0000000A)
    _main_init                               0x08000139   Thumb Code     0  entry9a.o(.ARM.Collect$$$$0000000B)
    __rt_final_cpp                           0x08000141   Thumb Code     0  entry10a.o(.ARM.Collect$$$$0000000D)
    __rt_final_exit                          0x08000141   Thumb Code     0  entry11a.o(.ARM.Collect$$$$0000000F)
    Reset_Handler                            0x08000145   Thumb Code     8  startup_stm32f10x_hd.o(.text)
    ADC1_2_IRQHandler                        0x0800015f   Thumb Code     0  startup_stm32f10x_hd.o(.text)
    ADC3_IRQHandler                          0x0800015f   Thumb Code     0  startup_stm32f10x_hd.o(.text)
    CAN1_RX1_IRQHandler                      0x0800015f   Thumb Code     0  startup_stm32f10x_hd.o(.text)
    CAN1_SCE_IRQHandler                      0x0800015f   Thumb Code     0  startup_stm32f10x_hd.o(.text)
    DMA1_Channel1_IRQHandler                 0x0800015f   Thumb Code     0  startup_stm32f10x_hd.o(.text)
    DMA1_Channel2_IRQHandler                 0x0800015f   Thumb Code     0  startup_stm32f10x_hd.o(.text)
    DMA1_Channel3_IRQHandler                 0x0800015f   Thumb Code     0  startup_stm32f10x_hd.o(.text)
    DMA1_Channel4_IRQHandler                 0x0800015f   Thumb Code     0  startup_stm32f10x_hd.o(.text)
    DMA1_Channel5_IRQHandler                 0x0800015f   Thumb Code     0  startup_stm32f10x_hd.o(.text)
    DMA1_Channel6_IRQHandler                 0x0800015f   Thumb Code     0  startup_stm32f10x_hd.o(.text)
    DMA1_Channel7_IRQHandler                 0x0800015f   Thumb Code     0  startup_stm32f10x_hd.o(.text)
    DMA2_Channel1_IRQHandler                 0x0800015f   Thumb Code     0  startup_stm32f10x_hd.o(.text)
    DMA2_Channel2_IRQHandler                 0x0800015f   Thumb Code     0  startup_stm32f10x_hd.o(.text)
    DMA2_Channel3_IRQHandler                 0x0800015f   Thumb Code     0  startup_stm32f10x_hd.o(.text)
    DMA2_Channel4_5_IRQHandler               0x0800015f   Thumb Code     0  startup_stm32f10x_hd.o(.text)
    EXTI0_IRQHandler                         0x0800015f   Thumb Code     0  startup_stm32f10x_hd.o(.text)
    EXTI15_10_IRQHandler                     0x0800015f   Thumb Code     0  startup_stm32f10x_hd.o(.text)
    EXTI1_IRQHandler                         0x0800015f   Thumb Code     0  startup_stm32f10x_hd.o(.text)
    EXTI2_IRQHandler                         0x0800015f   Thumb Code     0  startup_stm32f10x_hd.o(.text)
    EXTI3_IRQHandler                         0x0800015f   Thumb Code     0  startup_stm32f10x_hd.o(.text)
    EXTI4_IRQHandler                         0x0800015f   Thumb Code     0  startup_stm32f10x_hd.o(.text)
    EXTI9_5_IRQHandler                       0x0800015f   Thumb Code     0  startup_stm32f10x_hd.o(.text)
    FLASH_IRQHandler                         0x0800015f   Thumb Code     0  startup_stm32f10x_hd.o(.text)
    FSMC_IRQHandler                          0x0800015f   Thumb Code     0  startup_stm32f10x_hd.o(.text)
    I2C1_ER_IRQHandler                       0x0800015f   Thumb Code     0  startup_stm32f10x_hd.o(.text)
    I2C1_EV_IRQHandler                       0x0800015f   Thumb Code     0  startup_stm32f10x_hd.o(.text)
    I2C2_ER_IRQHandler                       0x0800015f   Thumb Code     0  startup_stm32f10x_hd.o(.text)
    I2C2_EV_IRQHandler                       0x0800015f   Thumb Code     0  startup_stm32f10x_hd.o(.text)
    PVD_IRQHandler                           0x0800015f   Thumb Code     0  startup_stm32f10x_hd.o(.text)
    RCC_IRQHandler                           0x0800015f   Thumb Code     0  startup_stm32f10x_hd.o(.text)
    RTCAlarm_IRQHandler                      0x0800015f   Thumb Code     0  startup_stm32f10x_hd.o(.text)
    RTC_IRQHandler                           0x0800015f   Thumb Code     0  startup_stm32f10x_hd.o(.text)
    SDIO_IRQHandler                          0x0800015f   Thumb Code     0  startup_stm32f10x_hd.o(.text)
    SPI1_IRQHandler                          0x0800015f   Thumb Code     0  startup_stm32f10x_hd.o(.text)
    SPI2_IRQHandler                          0x0800015f   Thumb Code     0  startup_stm32f10x_hd.o(.text)
    SPI3_IRQHandler                          0x0800015f   Thumb Code     0  startup_stm32f10x_hd.o(.text)
    TAMPER_IRQHandler                        0x0800015f   Thumb Code     0  startup_stm32f10x_hd.o(.text)
    TIM1_BRK_IRQHandler                      0x0800015f   Thumb Code     0  startup_stm32f10x_hd.o(.text)
    TIM1_CC_IRQHandler                       0x0800015f   Thumb Code     0  startup_stm32f10x_hd.o(.text)
    TIM1_TRG_COM_IRQHandler                  0x0800015f   Thumb Code     0  startup_stm32f10x_hd.o(.text)
    TIM1_UP_IRQHandler                       0x0800015f   Thumb Code     0  startup_stm32f10x_hd.o(.text)
    TIM3_IRQHandler                          0x0800015f   Thumb Code     0  startup_stm32f10x_hd.o(.text)
    TIM4_IRQHandler                          0x0800015f   Thumb Code     0  startup_stm32f10x_hd.o(.text)
    TIM5_IRQHandler                          0x0800015f   Thumb Code     0  startup_stm32f10x_hd.o(.text)
    TIM6_IRQHandler                          0x0800015f   Thumb Code     0  startup_stm32f10x_hd.o(.text)
    TIM7_IRQHandler                          0x0800015f   Thumb Code     0  startup_stm32f10x_hd.o(.text)
    TIM8_BRK_IRQHandler                      0x0800015f   Thumb Code     0  startup_stm32f10x_hd.o(.text)
    TIM8_CC_IRQHandler                       0x0800015f   Thumb Code     0  startup_stm32f10x_hd.o(.text)
    TIM8_TRG_COM_IRQHandler                  0x0800015f   Thumb Code     0  startup_stm32f10x_hd.o(.text)
    TIM8_UP_IRQHandler                       0x0800015f   Thumb Code     0  startup_stm32f10x_hd.o(.text)
    UART4_IRQHandler                         0x0800015f   Thumb Code     0  startup_stm32f10x_hd.o(.text)
    UART5_IRQHandler                         0x0800015f   Thumb Code     0  startup_stm32f10x_hd.o(.text)
    USART3_IRQHandler                        0x0800015f   Thumb Code     0  startup_stm32f10x_hd.o(.text)
    USBWakeUp_IRQHandler                     0x0800015f   Thumb Code     0  startup_stm32f10x_hd.o(.text)
    USB_HP_CAN1_TX_IRQHandler                0x0800015f   Thumb Code     0  startup_stm32f10x_hd.o(.text)
    USB_LP_CAN1_RX0_IRQHandler               0x0800015f   Thumb Code     0  startup_stm32f10x_hd.o(.text)
    WWDG_IRQHandler                          0x0800015f   Thumb Code     0  startup_stm32f10x_hd.o(.text)
    __aeabi_dmul                             0x08000169   Thumb Code   228  dmul.o(.text)
    __aeabi_ui2f                             0x0800024d   Thumb Code    10  ffltui.o(.text)
    __aeabi_i2d                              0x08000257   Thumb Code    34  dflti.o(.text)
    __aeabi_d2uiz                            0x08000279   Thumb Code    50  dfixui.o(.text)
    __aeabi_f2d                              0x080002ab   Thumb Code    38  f2d.o(.text)
    __aeabi_uidiv                            0x080002d1   Thumb Code     0  uidiv.o(.text)
    __aeabi_uidivmod                         0x080002d1   Thumb Code    44  uidiv.o(.text)
    __aeabi_uldivmod                         0x080002fd   Thumb Code    98  uldiv.o(.text)
    __aeabi_llsr                             0x0800035f   Thumb Code    32  llushr.o(.text)
    _ll_ushift_r                             0x0800035f   Thumb Code     0  llushr.o(.text)
    __I$use$fp                               0x0800037f   Thumb Code     0  iusefp.o(.text)
    _float_round                             0x0800037f   Thumb Code    18  fepilogue.o(.text)
    _float_epilogue                          0x08000391   Thumb Code    92  fepilogue.o(.text)
    _double_round                            0x080003ed   Thumb Code    30  depilogue.o(.text)
    _double_epilogue                         0x0800040b   Thumb Code   156  depilogue.o(.text)
    __aeabi_dadd                             0x080004a7   Thumb Code   322  dadd.o(.text)
    __aeabi_dsub                             0x080005e9   Thumb Code     6  dadd.o(.text)
    __aeabi_drsub                            0x080005ef   Thumb Code     6  dadd.o(.text)
    __aeabi_ddiv                             0x080005f5   Thumb Code   222  ddiv.o(.text)
    __aeabi_d2ulz                            0x080006d3   Thumb Code    48  dfixul.o(.text)
    __aeabi_cdrcmple                         0x08000705   Thumb Code    48  cdrcmple.o(.text)
    __scatterload                            0x08000735   Thumb Code    28  init.o(.text)
    __scatterload_rt2                        0x08000735   Thumb Code     0  init.o(.text)
    __aeabi_llsl                             0x08000759   Thumb Code    30  llshl.o(.text)
    _ll_shift_l                              0x08000759   Thumb Code     0  llshl.o(.text)
    __aeabi_lasr                             0x08000777   Thumb Code    36  llsshr.o(.text)
    _ll_sshift_r                             0x08000777   Thumb Code     0  llsshr.o(.text)
    BusFault_Handler                         0x0800079b   Thumb Code     4  stm32f10x_it.o(i.BusFault_Handler)
    DebugMon_Handler                         0x0800079f   Thumb Code     2  stm32f10x_it.o(i.DebugMon_Handler)
    GPIO_Init                                0x080007a1   Thumb Code   278  stm32f10x_gpio.o(i.GPIO_Init)
    GPIO_SETUP                               0x080008b9   Thumb Code    78  sys.o(i.GPIO_SETUP)
    HCSR04_GetDistance                       0x08000915   Thumb Code   106  inputcapture.o(i.HCSR04_GetDistance)
    HCSR04_Init                              0x0800098d   Thumb Code   196  inputcapture.o(i.HCSR04_Init)
    HardFault_Handler                        0x08000a59   Thumb Code     4  stm32f10x_it.o(i.HardFault_Handler)
    LED_init                                 0x08000a5d   Thumb Code    22  led.o(i.LED_init)
    MemManage_Handler                        0x08000a7d   Thumb Code     4  stm32f10x_it.o(i.MemManage_Handler)
    NMI_Handler                              0x08000a81   Thumb Code     2  stm32f10x_it.o(i.NMI_Handler)
    NVIC_Init                                0x08000a85   Thumb Code   100  misc.o(i.NVIC_Init)
    NVIC_PriorityGroupConfig                 0x08000af5   Thumb Code    10  misc.o(i.NVIC_PriorityGroupConfig)
    PendSV_Handler                           0x08000b09   Thumb Code     2  stm32f10x_it.o(i.PendSV_Handler)
    RCC_APB1PeriphClockCmd                   0x08000b0d   Thumb Code    26  stm32f10x_rcc.o(i.RCC_APB1PeriphClockCmd)
    RCC_APB1PeriphResetCmd                   0x08000b2d   Thumb Code    26  stm32f10x_rcc.o(i.RCC_APB1PeriphResetCmd)
    RCC_APB2PeriphClockCmd                   0x08000b4d   Thumb Code    26  stm32f10x_rcc.o(i.RCC_APB2PeriphClockCmd)
    RCC_APB2PeriphResetCmd                   0x08000b6d   Thumb Code    26  stm32f10x_rcc.o(i.RCC_APB2PeriphResetCmd)
    RCC_GetClocksFreq                        0x08000b8d   Thumb Code   192  stm32f10x_rcc.o(i.RCC_GetClocksFreq)
    SVC_Handler                              0x08000c61   Thumb Code     2  stm32f10x_it.o(i.SVC_Handler)
    SysTick_Handler                          0x08000d4d   Thumb Code    12  delay.o(i.SysTick_Handler)
    SystemInit                               0x08000d5d   Thumb Code    78  system_stm32f10x.o(i.SystemInit)
    TIM2_IRQHandler                          0x08000ed5   Thumb Code    22  main.o(i.TIM2_IRQHandler)
    TIM_ClearFlag                            0x08000eeb   Thumb Code     6  stm32f10x_tim.o(i.TIM_ClearFlag)
    TIM_ClearITPendingBit                    0x08000ef1   Thumb Code     6  stm32f10x_tim.o(i.TIM_ClearITPendingBit)
    TIM_Cmd                                  0x08000ef7   Thumb Code    24  stm32f10x_tim.o(i.TIM_Cmd)
    TIM_CtrlPWMOutputs                       0x08000f0f   Thumb Code    30  stm32f10x_tim.o(i.TIM_CtrlPWMOutputs)
    TIM_DeInit                               0x08000f2d   Thumb Code   424  stm32f10x_tim.o(i.TIM_DeInit)
    TIM_GetCapture1                          0x08001115   Thumb Code     6  stm32f10x_tim.o(i.TIM_GetCapture1)
    TIM_GetCapture2                          0x0800111b   Thumb Code     6  stm32f10x_tim.o(i.TIM_GetCapture2)
    TIM_GetFlagStatus                        0x08001121   Thumb Code    18  stm32f10x_tim.o(i.TIM_GetFlagStatus)
    TIM_GetITStatus                          0x08001133   Thumb Code    34  stm32f10x_tim.o(i.TIM_GetITStatus)
    TIM_OC3Init                              0x08001155   Thumb Code   150  stm32f10x_tim.o(i.TIM_OC3Init)
    TIM_OCStructInit                         0x080011f5   Thumb Code    20  stm32f10x_tim.o(i.TIM_OCStructInit)
    TIM_PWMIConfig                           0x08001209   Thumb Code   124  stm32f10x_tim.o(i.TIM_PWMIConfig)
    TIM_SelectInputTrigger                   0x08001285   Thumb Code    18  stm32f10x_tim.o(i.TIM_SelectInputTrigger)
    TIM_SelectMasterSlaveMode                0x08001297   Thumb Code    18  stm32f10x_tim.o(i.TIM_SelectMasterSlaveMode)
    TIM_SetIC1Prescaler                      0x080012a9   Thumb Code    18  stm32f10x_tim.o(i.TIM_SetIC1Prescaler)
    TIM_SetIC2Prescaler                      0x080012bb   Thumb Code    26  stm32f10x_tim.o(i.TIM_SetIC2Prescaler)
    TIM_TimeBaseInit                         0x080012d5   Thumb Code   122  stm32f10x_tim.o(i.TIM_TimeBaseInit)
    USART1_IRQHandler                        0x08001379   Thumb Code    30  usart.o(i.USART1_IRQHandler)
    USART2_IRQHandler                        0x080013a1   Thumb Code    30  usart.o(i.USART2_IRQHandler)
    USART_Cmd                                0x080013c9   Thumb Code    24  stm32f10x_usart.o(i.USART_Cmd)
    USART_GetFlagStatus                      0x080013e1   Thumb Code    26  stm32f10x_usart.o(i.USART_GetFlagStatus)
    USART_GetITStatus                        0x080013fb   Thumb Code    84  stm32f10x_usart.o(i.USART_GetITStatus)
    USART_ITConfig                           0x0800144f   Thumb Code    74  stm32f10x_usart.o(i.USART_ITConfig)
    USART_Init                               0x08001499   Thumb Code   210  stm32f10x_usart.o(i.USART_Init)
    USARTtobuffer                            0x08001571   Thumb Code    32  usart.o(i.USARTtobuffer)
    USARTx_init                              0x08001591   Thumb Code   254  usart.o(i.USARTx_init)
    UsageFault_Handler                       0x080016a5   Thumb Code     4  stm32f10x_it.o(i.UsageFault_Handler)
    __0sprintf                               0x080016a9   Thumb Code    34  printfa.o(i.__0sprintf)
    __1sprintf                               0x080016a9   Thumb Code     0  printfa.o(i.__0sprintf)
    __2sprintf                               0x080016a9   Thumb Code     0  printfa.o(i.__0sprintf)
    __c89sprintf                             0x080016a9   Thumb Code     0  printfa.o(i.__0sprintf)
    sprintf                                  0x080016a9   Thumb Code     0  printfa.o(i.__0sprintf)
    __scatterload_copy                       0x080016d1   Thumb Code    14  handlers.o(i.__scatterload_copy)
    __scatterload_null                       0x080016df   Thumb Code     2  handlers.o(i.__scatterload_null)
    __scatterload_zeroinit                   0x080016e1   Thumb Code    14  handlers.o(i.__scatterload_zeroinit)
    delay_init                               0x08001fad   Thumb Code    92  delay.o(i.delay_init)
    delay_ms                                 0x08002015   Thumb Code    22  delay.o(i.delay_ms)
    main                                     0x0800206d   Thumb Code    62  main.o(i.main)
    millis                                   0x080020b5   Thumb Code     6  delay.o(i.millis)
    send_data                                0x080020c1   Thumb Code    28  usart.o(i.send_data)
    send_numfloat                            0x080020dd   Thumb Code    40  usart.o(i.send_numfloat)
    send_str                                 0x0800210d   Thumb Code    26  usart.o(i.send_str)
    Region$$Table$$Base                      0x08002128   Number         0  anon$$obj.o(Region$$Table)
    Region$$Table$$Limit                     0x08002148   Number         0  anon$$obj.o(Region$$Table)
    USART1_ST                                0x20000000   Data          12  usart.o(.data)
    USART2_ST                                0x2000000c   Data          12  usart.o(.data)
    ms                                       0x20000018   Data           4  delay.o(.data)
    SystemCoreClock                          0x20000030   Data           4  system_stm32f10x.o(.data)
    AHBPrescTable                            0x20000034   Data          16  system_stm32f10x.o(.data)
    USART1_Buffer                            0x20000044   Data         100  usart.o(.bss)
    USART2_Buffer                            0x200000a8   Data         100  usart.o(.bss)
    __initial_sp                             0x20000510   Data           0  startup_stm32f10x_hd.o(STACK)



==============================================================================

Memory Map of the image

  Image Entry point : 0x08000131

  Load Region LR_IROM1 (Base: 0x08000000, Size: 0x0000218c, Max: 0x00010000, ABSOLUTE)

    Execution Region ER_IROM1 (Exec base: 0x08000000, Load base: 0x08000000, Size: 0x00002148, Max: 0x00010000, ABSOLUTE)

    Exec Addr    Load Addr    Size         Type   Attr      Idx    E Section Name        Object

    0x08000000   0x08000000   0x00000130   Data   RO           19    RESET               startup_stm32f10x_hd.o
    0x08000130   0x08000130   0x00000000   Code   RO         1917  * .ARM.Collect$$$$00000000  mc_w.l(entry.o)
    0x08000130   0x08000130   0x00000004   Code   RO         2195    .ARM.Collect$$$$00000001  mc_w.l(entry2.o)
    0x08000134   0x08000134   0x00000004   Code   RO         2198    .ARM.Collect$$$$00000004  mc_w.l(entry5.o)
    0x08000138   0x08000138   0x00000000   Code   RO         2200    .ARM.Collect$$$$00000008  mc_w.l(entry7b.o)
    0x08000138   0x08000138   0x00000000   Code   RO         2202    .ARM.Collect$$$$0000000A  mc_w.l(entry8b.o)
    0x08000138   0x08000138   0x00000008   Code   RO         2203    .ARM.Collect$$$$0000000B  mc_w.l(entry9a.o)
    0x08000140   0x08000140   0x00000000   Code   RO         2205    .ARM.Collect$$$$0000000D  mc_w.l(entry10a.o)
    0x08000140   0x08000140   0x00000000   Code   RO         2207    .ARM.Collect$$$$0000000F  mc_w.l(entry11a.o)
    0x08000140   0x08000140   0x00000004   Code   RO         2196    .ARM.Collect$$$$00002712  mc_w.l(entry2.o)
    0x08000144   0x08000144   0x00000024   Code   RO           20    .text               startup_stm32f10x_hd.o
    0x08000168   0x08000168   0x000000e4   Code   RO         2185    .text               mf_w.l(dmul.o)
    0x0800024c   0x0800024c   0x0000000a   Code   RO         2187    .text               mf_w.l(ffltui.o)
    0x08000256   0x08000256   0x00000022   Code   RO         2189    .text               mf_w.l(dflti.o)
    0x08000278   0x08000278   0x00000032   Code   RO         2191    .text               mf_w.l(dfixui.o)
    0x080002aa   0x080002aa   0x00000026   Code   RO         2193    .text               mf_w.l(f2d.o)
    0x080002d0   0x080002d0   0x0000002c   Code   RO         2212    .text               mc_w.l(uidiv.o)
    0x080002fc   0x080002fc   0x00000062   Code   RO         2214    .text               mc_w.l(uldiv.o)
    0x0800035e   0x0800035e   0x00000020   Code   RO         2216    .text               mc_w.l(llushr.o)
    0x0800037e   0x0800037e   0x00000000   Code   RO         2218    .text               mc_w.l(iusefp.o)
    0x0800037e   0x0800037e   0x0000006e   Code   RO         2219    .text               mf_w.l(fepilogue.o)
    0x080003ec   0x080003ec   0x000000ba   Code   RO         2221    .text               mf_w.l(depilogue.o)
    0x080004a6   0x080004a6   0x0000014e   Code   RO         2223    .text               mf_w.l(dadd.o)
    0x080005f4   0x080005f4   0x000000de   Code   RO         2225    .text               mf_w.l(ddiv.o)
    0x080006d2   0x080006d2   0x00000030   Code   RO         2227    .text               mf_w.l(dfixul.o)
    0x08000702   0x08000702   0x00000002   PAD
    0x08000704   0x08000704   0x00000030   Code   RO         2229    .text               mf_w.l(cdrcmple.o)
    0x08000734   0x08000734   0x00000024   Code   RO         2231    .text               mc_w.l(init.o)
    0x08000758   0x08000758   0x0000001e   Code   RO         2234    .text               mc_w.l(llshl.o)
    0x08000776   0x08000776   0x00000024   Code   RO         2236    .text               mc_w.l(llsshr.o)
    0x0800079a   0x0800079a   0x00000004   Code   RO         1826    i.BusFault_Handler  stm32f10x_it.o
    0x0800079e   0x0800079e   0x00000002   Code   RO         1827    i.DebugMon_Handler  stm32f10x_it.o
    0x080007a0   0x080007a0   0x00000116   Code   RO          670    i.GPIO_Init         stm32f10x_gpio.o
    0x080008b6   0x080008b6   0x00000002   PAD
    0x080008b8   0x080008b8   0x0000005c   Code   RO          383    i.GPIO_SETUP        sys.o
    0x08000914   0x08000914   0x00000078   Code   RO          307    i.HCSR04_GetDistance  inputcapture.o
    0x0800098c   0x0800098c   0x000000cc   Code   RO          308    i.HCSR04_Init       inputcapture.o
    0x08000a58   0x08000a58   0x00000004   Code   RO         1828    i.HardFault_Handler  stm32f10x_it.o
    0x08000a5c   0x08000a5c   0x00000020   Code   RO           24    i.LED_init          led.o
    0x08000a7c   0x08000a7c   0x00000004   Code   RO         1829    i.MemManage_Handler  stm32f10x_it.o
    0x08000a80   0x08000a80   0x00000002   Code   RO         1830    i.NMI_Handler       stm32f10x_it.o
    0x08000a82   0x08000a82   0x00000002   PAD
    0x08000a84   0x08000a84   0x00000070   Code   RO          428    i.NVIC_Init         misc.o
    0x08000af4   0x08000af4   0x00000014   Code   RO          429    i.NVIC_PriorityGroupConfig  misc.o
    0x08000b08   0x08000b08   0x00000002   Code   RO         1831    i.PendSV_Handler    stm32f10x_it.o
    0x08000b0a   0x08000b0a   0x00000002   PAD
    0x08000b0c   0x08000b0c   0x00000020   Code   RO          466    i.RCC_APB1PeriphClockCmd  stm32f10x_rcc.o
    0x08000b2c   0x08000b2c   0x00000020   Code   RO          467    i.RCC_APB1PeriphResetCmd  stm32f10x_rcc.o
    0x08000b4c   0x08000b4c   0x00000020   Code   RO          468    i.RCC_APB2PeriphClockCmd  stm32f10x_rcc.o
    0x08000b6c   0x08000b6c   0x00000020   Code   RO          469    i.RCC_APB2PeriphResetCmd  stm32f10x_rcc.o
    0x08000b8c   0x08000b8c   0x000000d4   Code   RO          476    i.RCC_GetClocksFreq  stm32f10x_rcc.o
    0x08000c60   0x08000c60   0x00000002   Code   RO         1832    i.SVC_Handler       stm32f10x_it.o
    0x08000c62   0x08000c62   0x00000008   Code   RO         1883    i.SetSysClock       system_stm32f10x.o
    0x08000c6a   0x08000c6a   0x00000002   PAD
    0x08000c6c   0x08000c6c   0x000000e0   Code   RO         1884    i.SetSysClockTo72   system_stm32f10x.o
    0x08000d4c   0x08000d4c   0x00000010   Code   RO          333    i.SysTick_Handler   delay.o
    0x08000d5c   0x08000d5c   0x00000060   Code   RO         1886    i.SystemInit        system_stm32f10x.o
    0x08000dbc   0x08000dbc   0x00000080   Code   RO          958    i.TI1_Config        stm32f10x_tim.o
    0x08000e3c   0x08000e3c   0x00000098   Code   RO          959    i.TI2_Config        stm32f10x_tim.o
    0x08000ed4   0x08000ed4   0x00000016   Code   RO         1782    i.TIM2_IRQHandler   main.o
    0x08000eea   0x08000eea   0x00000006   Code   RO          968    i.TIM_ClearFlag     stm32f10x_tim.o
    0x08000ef0   0x08000ef0   0x00000006   Code   RO          969    i.TIM_ClearITPendingBit  stm32f10x_tim.o
    0x08000ef6   0x08000ef6   0x00000018   Code   RO          974    i.TIM_Cmd           stm32f10x_tim.o
    0x08000f0e   0x08000f0e   0x0000001e   Code   RO          976    i.TIM_CtrlPWMOutputs  stm32f10x_tim.o
    0x08000f2c   0x08000f2c   0x000001e8   Code   RO          979    i.TIM_DeInit        stm32f10x_tim.o
    0x08001114   0x08001114   0x00000006   Code   RO          989    i.TIM_GetCapture1   stm32f10x_tim.o
    0x0800111a   0x0800111a   0x00000006   Code   RO          990    i.TIM_GetCapture2   stm32f10x_tim.o
    0x08001120   0x08001120   0x00000012   Code   RO          994    i.TIM_GetFlagStatus  stm32f10x_tim.o
    0x08001132   0x08001132   0x00000022   Code   RO          995    i.TIM_GetITStatus   stm32f10x_tim.o
    0x08001154   0x08001154   0x000000a0   Code   RO         1013    i.TIM_OC3Init       stm32f10x_tim.o
    0x080011f4   0x080011f4   0x00000014   Code   RO         1021    i.TIM_OCStructInit  stm32f10x_tim.o
    0x08001208   0x08001208   0x0000007c   Code   RO         1022    i.TIM_PWMIConfig    stm32f10x_tim.o
    0x08001284   0x08001284   0x00000012   Code   RO         1027    i.TIM_SelectInputTrigger  stm32f10x_tim.o
    0x08001296   0x08001296   0x00000012   Code   RO         1028    i.TIM_SelectMasterSlaveMode  stm32f10x_tim.o
    0x080012a8   0x080012a8   0x00000012   Code   RO         1040    i.TIM_SetIC1Prescaler  stm32f10x_tim.o
    0x080012ba   0x080012ba   0x0000001a   Code   RO         1041    i.TIM_SetIC2Prescaler  stm32f10x_tim.o
    0x080012d4   0x080012d4   0x000000a4   Code   RO         1045    i.TIM_TimeBaseInit  stm32f10x_tim.o
    0x08001378   0x08001378   0x00000028   Code   RO          173    i.USART1_IRQHandler  usart.o
    0x080013a0   0x080013a0   0x00000028   Code   RO          174    i.USART2_IRQHandler  usart.o
    0x080013c8   0x080013c8   0x00000018   Code   RO          782    i.USART_Cmd         stm32f10x_usart.o
    0x080013e0   0x080013e0   0x0000001a   Code   RO          785    i.USART_GetFlagStatus  stm32f10x_usart.o
    0x080013fa   0x080013fa   0x00000054   Code   RO          786    i.USART_GetITStatus  stm32f10x_usart.o
    0x0800144e   0x0800144e   0x0000004a   Code   RO          788    i.USART_ITConfig    stm32f10x_usart.o
    0x08001498   0x08001498   0x000000d8   Code   RO          789    i.USART_Init        stm32f10x_usart.o
    0x08001570   0x08001570   0x00000020   Code   RO          175    i.USARTtobuffer     usart.o
    0x08001590   0x08001590   0x00000114   Code   RO          176    i.USARTx_init       usart.o
    0x080016a4   0x080016a4   0x00000004   Code   RO         1833    i.UsageFault_Handler  stm32f10x_it.o
    0x080016a8   0x080016a8   0x00000028   Code   RO         2159    i.__0sprintf        mc_w.l(printfa.o)
    0x080016d0   0x080016d0   0x0000000e   Code   RO         2241    i.__scatterload_copy  mc_w.l(handlers.o)
    0x080016de   0x080016de   0x00000002   Code   RO         2242    i.__scatterload_null  mc_w.l(handlers.o)
    0x080016e0   0x080016e0   0x0000000e   Code   RO         2243    i.__scatterload_zeroinit  mc_w.l(handlers.o)
    0x080016ee   0x080016ee   0x00000002   PAD
    0x080016f0   0x080016f0   0x00000184   Code   RO         2164    i._fp_digits        mc_w.l(printfa.o)
    0x08001874   0x08001874   0x000006dc   Code   RO         2165    i._printf_core      mc_w.l(printfa.o)
    0x08001f50   0x08001f50   0x00000024   Code   RO         2166    i._printf_post_padding  mc_w.l(printfa.o)
    0x08001f74   0x08001f74   0x0000002e   Code   RO         2167    i._printf_pre_padding  mc_w.l(printfa.o)
    0x08001fa2   0x08001fa2   0x0000000a   Code   RO         2169    i._sputc            mc_w.l(printfa.o)
    0x08001fac   0x08001fac   0x00000068   Code   RO          334    i.delay_init        delay.o
    0x08002014   0x08002014   0x00000016   Code   RO          335    i.delay_ms          delay.o
    0x0800202a   0x0800202a   0x00000002   PAD
    0x0800202c   0x0800202c   0x00000040   Code   RO          309    i.initPins          inputcapture.o
    0x0800206c   0x0800206c   0x00000048   Code   RO         1783    i.main              main.o
    0x080020b4   0x080020b4   0x0000000c   Code   RO          338    i.millis            delay.o
    0x080020c0   0x080020c0   0x0000001c   Code   RO          177    i.send_data         usart.o
    0x080020dc   0x080020dc   0x00000030   Code   RO          178    i.send_numfloat     usart.o
    0x0800210c   0x0800210c   0x0000001a   Code   RO          180    i.send_str          usart.o
    0x08002126   0x08002126   0x00000002   PAD
    0x08002128   0x08002128   0x00000020   Data   RO         2239    Region$$Table       anon$$obj.o


    Execution Region RW_IRAM1 (Exec base: 0x20000000, Load base: 0x08002148, Size: 0x00000510, Max: 0x00005000, ABSOLUTE)

    Exec Addr    Load Addr    Size         Type   Attr      Idx    E Section Name        Object

    0x20000000   0x08002148   0x00000018   Data   RW          182    .data               usart.o
    0x20000018   0x08002160   0x00000004   Data   RW          339    .data               delay.o
    0x2000001c   0x08002164   0x00000014   Data   RW          496    .data               stm32f10x_rcc.o
    0x20000030   0x08002178   0x00000014   Data   RW         1887    .data               system_stm32f10x.o
    0x20000044        -       0x000000c8   Zero   RW          181    .bss                usart.o
    0x2000010c   0x0800218c   0x00000004   PAD
    0x20000110        -       0x00000400   Zero   RW           17    STACK               startup_stm32f10x_hd.o


==============================================================================

Image component sizes


      Code (inc. data)   RO Data    RW Data    ZI Data      Debug   Object Name

         0          0          0          0          0       4540   core_cm3.o
       154         22          0          4          0      17143   delay.o
       388         30          0          0          0       1671   inputcapture.o
        32         10          0          0          0     247099   led.o
        94         10          0          0          0        797   main.o
       132         22          0          0          0       1427   misc.o
        36          8        304          0       1024        760   startup_stm32f10x_hd.o
       278          0          0          0          0       1892   stm32f10x_gpio.o
        24          0          0          0          0       3004   stm32f10x_it.o
       340         44          0         20          0       5316   stm32f10x_rcc.o
      1446        158          0          0          0      11624   stm32f10x_tim.o
       424          6          0          0          0       4864   stm32f10x_usart.o
        92         14          0          0          0        917   sys.o
       328         28          0         20          0       1905   system_stm32f10x.o
       490         50          0         24        200       5019   usart.o

    ----------------------------------------------------------------------
      4270        402        336         68       1228     307978   Object Totals
         0          0         32          0          0          0   (incl. Generated)
        12          0          0          0          4          0   (incl. Padding)

    ----------------------------------------------------------------------

      Code (inc. data)   RO Data    RW Data    ZI Data      Debug   Library Member Name

         0          0          0          0          0          0   entry.o
         0          0          0          0          0          0   entry10a.o
         0          0          0          0          0          0   entry11a.o
         8          4          0          0          0          0   entry2.o
         4          0          0          0          0          0   entry5.o
         0          0          0          0          0          0   entry7b.o
         0          0          0          0          0          0   entry8b.o
         8          4          0          0          0          0   entry9a.o
        30          0          0          0          0          0   handlers.o
        36          8          0          0          0         68   init.o
         0          0          0          0          0          0   iusefp.o
        30          0          0          0          0         68   llshl.o
        36          0          0          0          0         68   llsshr.o
        32          0          0          0          0         68   llushr.o
      2276         86          0          0          0        520   printfa.o
        44          0          0          0          0         80   uidiv.o
        98          0          0          0          0         92   uldiv.o
        48          0          0          0          0         68   cdrcmple.o
       334          0          0          0          0        148   dadd.o
       222          0          0          0          0        100   ddiv.o
       186          0          0          0          0        176   depilogue.o
        50          0          0          0          0         76   dfixui.o
        48          0          0          0          0         68   dfixul.o
        34          0          0          0          0         76   dflti.o
       228          0          0          0          0         96   dmul.o
        38          0          0          0          0         68   f2d.o
       110          0          0          0          0        168   fepilogue.o
        10          0          0          0          0         68   ffltui.o

    ----------------------------------------------------------------------
      3914        102          0          0          0       2076   Library Totals
         4          0          0          0          0          0   (incl. Padding)

    ----------------------------------------------------------------------

      Code (inc. data)   RO Data    RW Data    ZI Data      Debug   Library Name

      2602        102          0          0          0        964   mc_w.l
      1308          0          0          0          0       1112   mf_w.l

    ----------------------------------------------------------------------
      3914        102          0          0          0       2076   Library Totals

    ----------------------------------------------------------------------

==============================================================================


      Code (inc. data)   RO Data    RW Data    ZI Data      Debug   

      8184        504        336         68       1228     306202   Grand Totals
      8184        504        336         68       1228     306202   ELF Image Totals
      8184        504        336         68          0          0   ROM Totals

==============================================================================

    Total RO  Size (Code + RO Data)                 8520 (   8.32kB)
    Total RW  Size (RW Data + ZI Data)              1296 (   1.27kB)
    Total ROM Size (Code + RO Data + RW Data)       8588 (   8.39kB)

==============================================================================

